Component: ARM Compiler 5.06 update 7 (build 960) Tool: armlink [4d3601]

==============================================================================

Section Cross References

    startup_stm32f407xx.o(STACK) refers (Special) to heapauxi.o(.text) for __use_two_region_memory
    startup_stm32f407xx.o(HEAP) refers (Special) to heapauxi.o(.text) for __use_two_region_memory
    startup_stm32f407xx.o(RESET) refers (Special) to heapauxi.o(.text) for __use_two_region_memory
    startup_stm32f407xx.o(RESET) refers to startup_stm32f407xx.o(STACK) for __initial_sp
    startup_stm32f407xx.o(RESET) refers to startup_stm32f407xx.o(.text) for Reset_Handler
    startup_stm32f407xx.o(RESET) refers to stm32f4xx_it.o(i.NMI_Handler) for NMI_Handler
    startup_stm32f407xx.o(RESET) refers to stm32f4xx_it.o(i.HardFault_Handler) for HardFault_Handler
    startup_stm32f407xx.o(RESET) refers to stm32f4xx_it.o(i.MemManage_Handler) for MemManage_Handler
    startup_stm32f407xx.o(RESET) refers to stm32f4xx_it.o(i.BusFault_Handler) for BusFault_Handler
    startup_stm32f407xx.o(RESET) refers to stm32f4xx_it.o(i.UsageFault_Handler) for UsageFault_Handler
    startup_stm32f407xx.o(RESET) refers to port.o(.emb_text) for SVC_Handler
    startup_stm32f407xx.o(RESET) refers to stm32f4xx_it.o(i.DebugMon_Handler) for DebugMon_Handler
    startup_stm32f407xx.o(RESET) refers to port.o(i.SysTick_Handler) for SysTick_Handler
    startup_stm32f407xx.o(RESET) refers to stm32f4xx_it.o(i.TIM1_UP_TIM10_IRQHandler) for TIM1_UP_TIM10_IRQHandler
    startup_stm32f407xx.o(RESET) refers to stm32f4xx_it.o(i.TIM2_IRQHandler) for TIM2_IRQHandler
    startup_stm32f407xx.o(RESET) refers to stm32f4xx_it.o(i.TIM3_IRQHandler) for TIM3_IRQHandler
    startup_stm32f407xx.o(RESET) refers to stm32f4xx_it.o(i.USART1_IRQHandler) for USART1_IRQHandler
    startup_stm32f407xx.o(RESET) refers to stm32f4xx_it.o(i.USART2_IRQHandler) for USART2_IRQHandler
    startup_stm32f407xx.o(RESET) refers to stm32f4xx_it.o(i.USART3_IRQHandler) for USART3_IRQHandler
    startup_stm32f407xx.o(RESET) refers to stm32f4xx_it.o(i.TIM5_IRQHandler) for TIM5_IRQHandler
    startup_stm32f407xx.o(RESET) refers to stm32f4xx_it.o(i.UART4_IRQHandler) for UART4_IRQHandler
    startup_stm32f407xx.o(.text) refers (Special) to heapauxi.o(.text) for __use_two_region_memory
    startup_stm32f407xx.o(.text) refers to system_stm32f4xx.o(i.SystemInit) for SystemInit
    startup_stm32f407xx.o(.text) refers to __main.o(!!!main) for __main
    startup_stm32f407xx.o(.text) refers to startup_stm32f407xx.o(HEAP) for Heap_Mem
    startup_stm32f407xx.o(.text) refers to startup_stm32f407xx.o(STACK) for Stack_Mem
    main.o(i.HAL_TIM_PeriodElapsedCallback) refers to stm32f4xx_hal.o(i.HAL_IncTick) for HAL_IncTick
    main.o(i.HAL_TIM_PeriodElapsedCallback) refers to tim.o(.bss) for htim2
    main.o(i.HAL_TIM_PeriodElapsedCallback) refers to encoder.o(.data) for left_timer_overflow
    main.o(i.HAL_TIM_PeriodElapsedCallback) refers to encoder.o(.data) for right_timer_overflow
    main.o(i.SystemClock_Config) refers to rt_memclr_w.o(.text) for __aeabi_memclr4
    main.o(i.SystemClock_Config) refers to stm32f4xx_hal_rcc.o(i.HAL_RCC_OscConfig) for HAL_RCC_OscConfig
    main.o(i.SystemClock_Config) refers to stm32f4xx_hal_rcc.o(i.HAL_RCC_ClockConfig) for HAL_RCC_ClockConfig
    main.o(i.main) refers to stm32f4xx_hal.o(i.HAL_Init) for HAL_Init
    main.o(i.main) refers to main.o(i.SystemClock_Config) for SystemClock_Config
    main.o(i.main) refers to gpio.o(i.MX_GPIO_Init) for MX_GPIO_Init
    main.o(i.main) refers to tim.o(i.MX_TIM3_Init) for MX_TIM3_Init
    main.o(i.main) refers to tim.o(i.MX_TIM5_Init) for MX_TIM5_Init
    main.o(i.main) refers to usart.o(i.MX_UART4_Init) for MX_UART4_Init
    main.o(i.main) refers to usart.o(i.MX_USART1_UART_Init) for MX_USART1_UART_Init
    main.o(i.main) refers to usart.o(i.MX_USART2_UART_Init) for MX_USART2_UART_Init
    main.o(i.main) refers to usart.o(i.MX_USART3_UART_Init) for MX_USART3_UART_Init
    main.o(i.main) refers to tim.o(i.MX_TIM2_Init) for MX_TIM2_Init
    main.o(i.main) refers to stm32f4xx_hal_tim.o(i.HAL_TIM_PWM_Start) for HAL_TIM_PWM_Start
    main.o(i.main) refers to stm32f4xx_hal_tim.o(i.HAL_TIM_Encoder_Start) for HAL_TIM_Encoder_Start
    main.o(i.main) refers to stm32f4xx_hal_uart.o(i.HAL_UART_Receive_IT) for HAL_UART_Receive_IT
    main.o(i.main) refers to pid.o(i.pid_init) for pid_init
    main.o(i.main) refers to pid.o(i.pid_param_set) for pid_param_set
    main.o(i.main) refers to pid.o(i.pid_target_set) for pid_target_set
    main.o(i.main) refers to stm32f4xx_hal_uart.o(i.HAL_UART_Transmit_IT) for HAL_UART_Transmit_IT
    main.o(i.main) refers to stm32f4xx_hal_gpio.o(i.HAL_GPIO_WritePin) for HAL_GPIO_WritePin
    main.o(i.main) refers to freertos.o(i.MX_FREERTOS_Init) for MX_FREERTOS_Init
    main.o(i.main) refers to cmsis_os.o(i.osKernelStart) for osKernelStart
    main.o(i.main) refers to tim.o(.bss) for htim3
[...]
    prvAddNewTaskToReadyList                 0x080039d9   Thumb Code   194  tasks.o(i.prvAddNewTaskToReadyList)
    i.prvDeleteTCB                           0x08003aa8   Section        0  tasks.o(i.prvDeleteTCB)
    prvDeleteTCB                             0x08003aa9   Thumb Code    52  tasks.o(i.prvDeleteTCB)
    i.prvHeapInit                            0x08003adc   Section        0  heap_4.o(i.prvHeapInit)
    prvHeapInit                              0x08003add   Thumb Code    66  heap_4.o(i.prvHeapInit)
    i.prvIdleTask                            0x08003b28   Section        0  tasks.o(i.prvIdleTask)
    prvIdleTask                              0x08003b29   Thumb Code    82  tasks.o(i.prvIdleTask)
    i.prvInitialiseNewTask                   0x08003b88   Section        0  tasks.o(i.prvInitialiseNewTask)
    prvInitialiseNewTask                     0x08003b89   Thumb Code   152  tasks.o(i.prvInitialiseNewTask)
    i.prvInsertBlockIntoFreeList             0x08003c20   Section        0  heap_4.o(i.prvInsertBlockIntoFreeList)
    prvInsertBlockIntoFreeList               0x08003c21   Thumb Code    72  heap_4.o(i.prvInsertBlockIntoFreeList)
    i.prvResetNextTaskUnblockTime            0x08003c6c   Section        0  tasks.o(i.prvResetNextTaskUnblockTime)
    prvResetNextTaskUnblockTime              0x08003c6d   Thumb Code    26  tasks.o(i.prvResetNextTaskUnblockTime)
    i.prvTaskExitError                       0x08003c8c   Section        0  port.o(i.prvTaskExitError)
    prvTaskExitError                         0x08003c8d   Thumb Code    36  port.o(i.prvTaskExitError)
    i.pvPortMalloc                           0x08003cb4   Section        0  heap_4.o(i.pvPortMalloc)
    i.pxPortInitialiseStack                  0x08003d90   Section        0  port.o(i.pxPortInitialiseStack)
    i.right_distance_control                 0x08003dbc   Section        0  control.o(i.right_distance_control)
    i.speed_control                          0x08003e9c   Section        0  control.o(i.speed_control)
    i.uxListRemove                           0x08004070   Section        0  list.o(i.uxListRemove)
    i.vApplicationGetIdleTaskMemory          0x08004098   Section        0  freertos.o(i.vApplicationGetIdleTaskMemory)
    i.vListInitialise                        0x080040ac   Section        0  list.o(i.vListInitialise)
    i.vListInitialiseItem                    0x080040c2   Section        0  list.o(i.vListInitialiseItem)
    i.vListInsert                            0x080040c8   Section        0  list.o(i.vListInsert)
    i.vListInsertEnd                         0x080040f8   Section        0  list.o(i.vListInsertEnd)
    i.vPortEnterCritical                     0x08004110   Section        0  port.o(i.vPortEnterCritical)
    i.vPortExitCritical                      0x08004150   Section        0  port.o(i.vPortExitCritical)
    i.vPortFree                              0x08004178   Section        0  heap_4.o(i.vPortFree)
    i.vPortSetupTimerInterrupt               0x080041dc   Section        0  port.o(i.vPortSetupTimerInterrupt)
    i.vTaskDelay                             0x08004200   Section        0  tasks.o(i.vTaskDelay)
    i.vTaskStartScheduler                    0x0800424c   Section        0  tasks.o(i.vTaskStartScheduler)
    i.vTaskSuspendAll                        0x080042b8   Section        0  tasks.o(i.vTaskSuspendAll)
    i.vTaskSwitchContext                     0x080042c8   Section        0  tasks.o(i.vTaskSwitchContext)
    i.xPortStartScheduler                    0x08004324   Section        0  port.o(i.xPortStartScheduler)
    i.xTaskCreate                            0x08004418   Section        0  tasks.o(i.xTaskCreate)
    i.xTaskCreateStatic                      0x08004472   Section        0  tasks.o(i.xTaskCreateStatic)
    i.xTaskIncrementTick                     0x080044c8   Section        0  tasks.o(i.xTaskIncrementTick)
    i.xTaskResumeAll                         0x08004594   Section        0  tasks.o(i.xTaskResumeAll)
    x$fpl$d2f                                0x08004658   Section       98  d2f.o(x$fpl$d2f)
    $v0                                      0x08004658   Number         0  d2f.o(x$fpl$d2f)
    x$fpl$dcmpinf                            0x080046ba   Section       24  dcmpi.o(x$fpl$dcmpinf)
    $v0                                      0x080046ba   Number         0  dcmpi.o(x$fpl$dcmpinf)
    x$fpl$ddiv                               0x080046d4   Section      688  ddiv.o(x$fpl$ddiv)
    $v0                                      0x080046d4   Number         0  ddiv.o(x$fpl$ddiv)
    ddiv_entry                               0x080046db   Thumb Code     0  ddiv.o(x$fpl$ddiv)
    x$fpl$dflt                               0x08004984   Section       46  dflt_clz.o(x$fpl$dflt)
    $v0                                      0x08004984   Number         0  dflt_clz.o(x$fpl$dflt)
    x$fpl$dleqf                              0x080049b4   Section      120  dleqf.o(x$fpl$dleqf)
    $v0                                      0x080049b4   Number         0  dleqf.o(x$fpl$dleqf)
    x$fpl$dmul                               0x08004a2c   Section      340  dmul.o(x$fpl$dmul)
    $v0                                      0x08004a2c   Number         0  dmul.o(x$fpl$dmul)
    x$fpl$dnaninf                            0x08004b80   Section      156  dnaninf.o(x$fpl$dnaninf)
    $v0                                      0x08004b80   Number         0  dnaninf.o(x$fpl$dnaninf)
    x$fpl$dretinf                            0x08004c1c   Section       12  dretinf.o(x$fpl$dretinf)
    $v0                                      0x08004c1c   Number         0  dretinf.o(x$fpl$dretinf)
    x$fpl$drleqf                             0x08004c28   Section      108  drleqf.o(x$fpl$drleqf)
    $v0                                      0x08004c28   Number         0  drleqf.o(x$fpl$drleqf)
    x$fpl$fpinit                             0x08004c94   Section       10  fpinit.o(x$fpl$fpinit)
    $v0                                      0x08004c94   Number         0  fpinit.o(x$fpl$fpinit)
    x$fpl$fretinf                            0x08004c9e   Section       10  fretinf.o(x$fpl$fretinf)
    $v0                                      0x08004c9e   Number         0  fretinf.o(x$fpl$fretinf)
    .constdata                               0x08004ca8   Section       84  freertos.o(.constdata)
    x$fpl$usenofp                            0x08004ca8   Section        0  usenofp.o(x$fpl$usenofp)
    .constdata                               0x08004cfc   Section       16  system_stm32f4xx.o(.constdata)
    .constdata                               0x08004d0c   Section        8  system_stm32f4xx.o(.constdata)
    .conststring                             0x08004d14   Section       44  freertos.o(.conststring)
    .data                                    0x20000000   Section      164  main.o(.data)
    .data                                    0x200000a4   Section        4  main.o(.data)
    .data                                    0x200000a8   Section        2  main.o(.data)
    .data                                    0x200000ac   Section       16  freertos.o(.data)
    line_timer                               0x200000ac   Data           4  freertos.o(.data)
    .data                                    0x200000bc   Section       12  usart.o(.data)
    .data                                    0x200000c8   Section       12  stm32f4xx_hal.o(.data)
    .data                                    0x200000d4   Section        4  system_stm32f4xx.o(.data)
    .data                                    0x200000d8   Section       60  tasks.o(.data)
    uxDeletedTasksWaitingCleanUp             0x200000dc   Data           4  tasks.o(.data)
    uxCurrentNumberOfTasks                   0x200000e0   Data           4  tasks.o(.data)
    xTickCount                               0x200000e4   Data           4  tasks.o(.data)
    uxTopReadyPriority                       0x200000e8   Data           4  tasks.o(.data)
    xSchedulerRunning                        0x200000ec   Data           4  tasks.o(.data)
    xPendedTicks                             0x200000f0   Data           4  tasks.o(.data)
    xYieldPending                            0x200000f4   Data           4  tasks.o(.data)
    xNumOfOverflows                          0x200000f8   Data           4  tasks.o(.data)
    uxTaskNumber                             0x200000fc   Data           4  tasks.o(.data)
    xNextTaskUnblockTime                     0x20000100   Data           4  tasks.o(.data)
    xIdleTaskHandle                          0x20000104   Data           4  tasks.o(.data)
    uxSchedulerSuspended                     0x20000108   Data           4  tasks.o(.data)
    pxDelayedTaskList                        0x2000010c   Data           4  tasks.o(.data)
    pxOverflowDelayedTaskList                0x20000110   Data           4  tasks.o(.data)
    .data                                    0x20000114   Section       32  heap_4.o(.data)
    pxEnd                                    0x20000114   Data           4  heap_4.o(.data)
    xFreeBytesRemaining                      0x20000118   Data           4  heap_4.o(.data)
    xMinimumEverFreeBytesRemaining           0x2000011c   Data           4  heap_4.o(.data)
    xNumberOfSuccessfulAllocations           0x20000120   Data           4  heap_4.o(.data)
    xNumberOfSuccessfulFrees                 0x20000124   Data           4  heap_4.o(.data)
    xBlockAllocatedBit                       0x20000128   Data           4  heap_4.o(.data)
    xStart                                   0x2000012c   Data           8  heap_4.o(.data)
    .data                                    0x20000134   Section       12  port.o(.data)
    ucMaxSysCallPriority                     0x20000134   Data           1  port.o(.data)
    uxCriticalNesting                        0x20000138   Data           4  port.o(.data)
    ulMaxPRIGROUPValue                       0x2000013c   Data           4  port.o(.data)
    .data                                    0x20000140   Section        8  encoder.o(.data)
    .data                                    0x20000148   Section        4  encoder.o(.data)
    .data                                    0x2000014c   Section        4  encoder.o(.data)
    .data                                    0x20000150   Section        4  encoder.o(.data)
    .data                                    0x20000154   Section        4  encoder.o(.data)
    .data                                    0x20000158   Section        4  encoder.o(.data)
    .data                                    0x2000015c   Section        4  encoder.o(.data)
    .data                                    0x20000160   Section        4  control.o(.data)
    .data                                    0x20000164   Section        4  control.o(.data)
    .data                                    0x20000168   Section        4  control.o(.data)
    .data                                    0x2000016c   Section        4  control.o(.data)
    .data                                    0x20000170   Section        4  control.o(.data)
    .data                                    0x20000174   Section        4  control.o(.data)
    .data                                    0x20000178   Section        1  control.o(.data)
    .data                                    0x2000017c   Section       24  control.o(.data)
    .data                                    0x20000194   Section        1  control.o(.data)
    .data                                    0x20000195   Section        1  control.o(.data)
    .data                                    0x20000196   Section        1  control.o(.data)
    .data                                    0x20000198   Section        4  control.o(.data)
    .data                                    0x2000019c   Section        4  control.o(.data)
    .data                                    0x200001a0   Section        1  control.o(.data)
    .data                                    0x200001a1   Section        1  control.o(.data)
    .data                                    0x200001a2   Section        1  control.o(.data)
    .data                                    0x200001a3   Section        1  control.o(.data)
    .data                                    0x200001a4   Section        1  control.o(.data)
    .data                                    0x200001a5   Section        1  control.o(.data)
    .data                                    0x200001a6   Section        1  control.o(.data)
    .data                                    0x200001a7   Section        1  control.o(.data)
    .data                                    0x200001a8   Section        1  control.o(.data)
    .bss                                     0x200001ac   Section      596  freertos.o(.bss)
    xIdleTaskTCBBuffer                       0x200001ac   Data          84  freertos.o(.bss)
    xIdleStack                               0x20000200   Data         512  freertos.o(.bss)
    .bss                                     0x20000400   Section      216  tim.o(.bss)
    .bss                                     0x200004d8   Section      312  usart.o(.bss)
    .bss                                     0x20000610   Section       72  stm32f4xx_hal_timebase_tim.o(.bss)
    .bss                                     0x20000658   Section      240  tasks.o(.bss)
    pxReadyTasksLists                        0x20000658   Data         140  tasks.o(.bss)
    xDelayedTaskList1                        0x200006e4   Data          20  tasks.o(.bss)
    xDelayedTaskList2                        0x200006f8   Data          20  tasks.o(.bss)
    xPendingReadyList                        0x2000070c   Data          20  tasks.o(.bss)
    xTasksWaitingTermination                 0x20000720   Data          20  tasks.o(.bss)
    xSuspendedTaskList                       0x20000734   Data          20  tasks.o(.bss)
    .bss                                     0x20000748   Section    15360  heap_4.o(.bss)
    ucHeap                                   0x20000748   Data       15360  heap_4.o(.bss)
    .bss                                     0x20004348   Section       96  libspace.o(.bss)
    HEAP                                     0x200043a8   Section      512  startup_stm32f407xx.o(HEAP)
    Heap_Mem                                 0x200043a8   Data         512  startup_stm32f407xx.o(HEAP)
    STACK                                    0x200045a8   Section     1024  startup_stm32f407xx.o(STACK)
    Stack_Mem                                0x200045a8   Data        1024  startup_stm32f407xx.o(STACK)
    __initial_sp                             0x200049a8   Data           0  startup_stm32f407xx.o(STACK)

    Global Symbols

    Symbol Name                              Value     Ov Type        Size  Object(Section)

    BuildAttributes$$THM_ISAv4$E$P$D$K$B$S$7EM$VFPi3$EXTD16$VFPS$VFMA$PE$A:L22UL41UL21$X:L11$S22US41US21$IEEE1$IW$USESV6$~STKCKD$USESV7$~SHL$OSPACE$ROPI$EBA8$UX$STANDARDLIB$REQ8$PRES8$EABIv2 0x00000000   Number         0  anon$$obj.o ABSOLUTE
    __ARM_use_no_argv                        0x00000000   Number         0  main.o ABSOLUTE
    __ARM_exceptions_init                     - Undefined Weak Reference
    __alloca_initialize                       - Undefined Weak Reference
    __arm_fini_                               - Undefined Weak Reference
    __arm_preinit_                            - Undefined Weak Reference
    __cpp_initialize__aeabi_                  - Undefined Weak Reference
    __cxa_finalize                            - Undefined Weak Reference
    __rt_locale                               - Undefined Weak Reference
    __sigvec_lookup                           - Undefined Weak Reference
    _atexit_init                              - Undefined Weak Reference
    _call_atexit_fns                          - Undefined Weak Reference
    _clock_init                               - Undefined Weak Reference
    _fp_trap_init                             - Undefined Weak Reference
    _fp_trap_shutdown                         - Undefined Weak Reference
    _get_lc_collate                           - Undefined Weak Reference
    _get_lc_ctype                             - Undefined Weak Reference
    _get_lc_monetary                          - Undefined Weak Reference
    _get_lc_numeric                           - Undefined Weak Reference
    _get_lc_time                              - Undefined Weak Reference
    _getenv_init                              - Undefined Weak Reference
    _handle_redirection                       - Undefined Weak Reference
    _init_alloc                               - Undefined Weak Reference
    _init_user_alloc                          - Undefined Weak Reference
    _initio                                   - Undefined Weak Reference
    _rand_init                                - Undefined Weak Reference
    _signal_finish                            - Undefined Weak Reference
    _signal_init                              - Undefined Weak Reference
    _terminate_alloc                          - Undefined Weak Reference
    _terminate_user_alloc                     - Undefined Weak Reference
    _terminateio                              - Undefined Weak Reference
    __Vectors_Size                           0x00000188   Number         0  startup_stm32f407xx.o ABSOLUTE
    __Vectors                                0x08000000   Data           4  startup_stm32f407xx.o(RESET)
    __Vectors_End                            0x08000188   Data           0  startup_stm32f407xx.o(RESET)
    __main                                   0x08000189   Thumb Code     8  __main.o(!!!main)
    __scatterload                            0x08000191   Thumb Code     0  __scatter.o(!!!scatter)
    __scatterload_rt2                        0x08000191   Thumb Code    44  __scatter.o(!!!scatter)
    __scatterload_rt2_thumb_only             0x08000191   Thumb Code     0  __scatter.o(!!!scatter)
    __scatterload_null                       0x0800019f   Thumb Code     0  __scatter.o(!!!scatter)
    __decompress                             0x080001c5   Thumb Code    90  __dczerorl2.o(!!dczerorl2)
    __decompress1                            0x080001c5   Thumb Code     0  __dczerorl2.o(!!dczerorl2)
    __scatterload_zeroinit                   0x08000221   Thumb Code    28  __scatter_zi.o(!!handler_zi)
    __rt_lib_init                            0x0800023d   Thumb Code     0  libinit.o(.ARM.Collect$$libinit$$00000000)
    __rt_lib_init_fp_1                       0x0800023f   Thumb Code     0  libinit2.o(.ARM.Collect$$libinit$$00000001)
    __rt_lib_init_alloca_1                   0x08000243   Thumb Code     0  libinit2.o(.ARM.Collect$$libinit$$0000002E)
    __rt_lib_init_argv_1                     0x08000243   Thumb Code     0  libinit2.o(.ARM.Collect$$libinit$$0000002C)
    __rt_lib_init_atexit_1                   0x08000243   Thumb Code     0  libinit2.o(.ARM.Collect$$libinit$$0000001B)
    __rt_lib_init_clock_1                    0x08000243   Thumb Code     0  libinit2.o(.ARM.Collect$$libinit$$00000021)
    __rt_lib_init_cpp_1                      0x08000243   Thumb Code     0  libinit2.o(.ARM.Collect$$libinit$$00000032)
    __rt_lib_init_exceptions_1               0x08000243   Thumb Code     0  libinit2.o(.ARM.Collect$$libinit$$00000030)
    __rt_lib_init_fp_trap_1                  0x08000243   Thumb Code     0  libinit2.o(.ARM.Collect$$libinit$$0000001F)
    __rt_lib_init_getenv_1                   0x08000243   Thumb Code     0  libinit2.o(.ARM.Collect$$libinit$$00000023)
    __rt_lib_init_heap_1                     0x08000243   Thumb Code     0  libinit2.o(.ARM.Collect$$libinit$$0000000A)
    __rt_lib_init_lc_collate_1               0x08000243   Thumb Code     0  libinit2.o(.ARM.Collect$$libinit$$00000011)
    __rt_lib_init_lc_ctype_1                 0x08000243   Thumb Code     0  libinit2.o(.ARM.Collect$$libinit$$00000013)
    __rt_lib_init_lc_monetary_1              0x08000243   Thumb Code     0  libinit2.o(.ARM.Collect$$libinit$$00000015)
    __rt_lib_init_lc_numeric_1               0x08000243   Thumb Code     0  libinit2.o(.ARM.Collect$$libinit$$00000017)
    __rt_lib_init_lc_time_1                  0x08000243   Thumb Code     0  libinit2.o(.ARM.Collect$$libinit$$00000019)
    __rt_lib_init_preinit_1                  0x08000243   Thumb Code     0  libinit2.o(.ARM.Collect$$libinit$$00000004)
    __rt_lib_init_rand_1                     0x08000243   Thumb Code     0  libinit2.o(.ARM.Collect$$libinit$$0000000E)
    __rt_lib_init_return                     0x08000243   Thumb Code     0  libinit2.o(.ARM.Collect$$libinit$$00000033)
    __rt_lib_init_signal_1                   0x08000243   Thumb Code     0  libinit2.o(.ARM.Collect$$libinit$$0000001D)
    __rt_lib_init_stdio_1                    0x08000243   Thumb Code     0  libinit2.o(.ARM.Collect$$libinit$$00000025)
    __rt_lib_init_user_alloc_1               0x08000243   Thumb Code     0  libinit2.o(.ARM.Collect$$libinit$$0000000C)
    __rt_lib_shutdown                        0x08000245   Thumb Code     0  libshutdown.o(.ARM.Collect$$libshutdown$$00000000)
    __rt_lib_shutdown_cpp_1                  0x08000247   Thumb Code     0  libshutdown2.o(.ARM.Collect$$libshutdown$$00000004)
    __rt_lib_shutdown_fini_1                 0x08000247   Thumb Code     0  libshutdown2.o(.ARM.Collect$$libshutdown$$00000002)
    __rt_lib_shutdown_fp_trap_1              0x08000247   Thumb Code     0  libshutdown2.o(.ARM.Collect$$libshutdown$$00000009)
    __rt_lib_shutdown_heap_1                 0x08000247   Thumb Code     0  libshutdown2.o(.ARM.Collect$$libshutdown$$00000011)
    __rt_lib_shutdown_return                 0x08000247   Thumb Code     0  libshutdown2.o(.ARM.Collect$$libshutdown$$00000012)
    __rt_lib_shutdown_signal_1               0x08000247   Thumb Code     0  libshutdown2.o(.ARM.Collect$$libshutdown$$0000000C)
    __rt_lib_shutdown_stdio_1                0x08000247   Thumb Code     0  libshutdown2.o(.ARM.Collect$$libshutdown$$00000006)
    __rt_lib_shutdown_user_alloc_1           0x08000247   Thumb Code     0  libshutdown2.o(.ARM.Collect$$libshutdown$$0000000E)
    __rt_entry                               0x08000249   Thumb Code     0  __rtentry.o(.ARM.Collect$$rtentry$$00000000)
    __rt_entry_presh_1                       0x08000249   Thumb Code     0  __rtentry2.o(.ARM.Collect$$rtentry$$00000002)
    __rt_entry_sh                            0x08000249   Thumb Code     0  __rtentry4.o(.ARM.Collect$$rtentry$$00000004)
    __rt_entry_li                            0x0800024f   Thumb Code     0  __rtentry2.o(.ARM.Collect$$rtentry$$0000000A)
    __rt_entry_postsh_1                      0x0800024f   Thumb Code     0  __rtentry2.o(.ARM.Collect$$rtentry$$00000009)
    __rt_entry_main                          0x08000253   Thumb Code     0  __rtentry2.o(.ARM.Collect$$rtentry$$0000000D)
    __rt_entry_postli_1                      0x08000253   Thumb Code     0  __rtentry2.o(.ARM.Collect$$rtentry$$0000000C)
    __rt_exit                                0x0800025b   Thumb Code     0  rtexit.o(.ARM.Collect$$rtexit$$00000000)
    __rt_exit_ls                             0x0800025d   Thumb Code     0  rtexit2.o(.ARM.Collect$$rtexit$$00000003)
    __rt_exit_prels_1                        0x0800025d   Thumb Code     0  rtexit2.o(.ARM.Collect$$rtexit$$00000002)
    __rt_exit_exit                           0x08000261   Thumb Code     0  rtexit2.o(.ARM.Collect$$rtexit$$00000004)
    SVC_Handler                              0x08000269   Thumb Code    28  port.o(.emb_text)
    __asm___6_port_c_39a90d8d__prvStartFirstTask 0x08000289   Thumb Code    36  port.o(.emb_text)
    __asm___6_port_c_39a90d8d__prvEnableVFP  0x080002b1   Thumb Code    16  port.o(.emb_text)
    PendSV_Handler                           0x080002c5   Thumb Code    88  port.o(.emb_text)
    vPortGetIPSR                             0x08000321   Thumb Code     6  port.o(.emb_text)
    Reset_Handler                            0x08000329   Thumb Code     8  startup_stm32f407xx.o(.text)
    ADC_IRQHandler                           0x08000343   Thumb Code     0  startup_stm32f407xx.o(.text)
    CAN1_RX0_IRQHandler                      0x08000343   Thumb Code     0  startup_stm32f407xx.o(.text)
    CAN1_RX1_IRQHandler                      0x08000343   Thumb Code     0  startup_stm32f407xx.o(.text)
    CAN1_SCE_IRQHandler                      0x08000343   Thumb Code     0  startup_stm32f407xx.o(.text)
    CAN1_TX_IRQHandler                       0x08000343   Thumb Code     0  startup_stm32f407xx.o(.text)
    CAN2_RX0_IRQHandler                      0x08000343   Thumb Code     0  startup_stm32f407xx.o(.text)
    CAN2_RX1_IRQHandler                      0x08000343   Thumb Code     0  startup_stm32f407xx.o(.text)
    CAN2_SCE_IRQHandler                      0x08000343   Thumb Code     0  startup_stm32f407xx.o(.text)
    CAN2_TX_IRQHandler                       0x08000343   Thumb Code     0  startup_stm32f407xx.o(.text)
    DCMI_IRQHandler                          0x08000343   Thumb Code     0  startup_stm32f407xx.o(.text)
    DMA1_Stream0_IRQHandler                  0x08000343   Thumb Code     0  startup_stm32f407xx.o(.text)
    DMA1_Stream1_IRQHandler                  0x08000343   Thumb Code     0  startup_stm32f407xx.o(.text)
    DMA1_Stream2_IRQHandler                  0x08000343   Thumb Code     0  startup_stm32f407xx.o(.text)
    DMA1_Stream3_IRQHandler                  0x08000343   Thumb Code     0  startup_stm32f407xx.o(.text)
    DMA1_Stream4_IRQHandler                  0x08000343   Thumb Code     0  startup_stm32f407xx.o(.text)
    DMA1_Stream5_IRQHandler                  0x08000343   Thumb Code     0  startup_stm32f407xx.o(.text)
    DMA1_Stream6_IRQHandler                  0x08000343   Thumb Code     0  startup_stm32f407xx.o(.text)
    DMA1_Stream7_IRQHandler                  0x08000343   Thumb Code     0  startup_stm32f407xx.o(.text)
    DMA2_Stream0_IRQHandler                  0x08000343   Thumb Code     0  startup_stm32f407xx.o(.text)
    DMA2_Stream1_IRQHandler                  0x08000343   Thumb Code     0  startup_stm32f407xx.o(.text)
    DMA2_Stream2_IRQHandler                  0x08000343   Thumb Code     0  startup_stm32f407xx.o(.text)
    DMA2_Stream3_IRQHandler                  0x08000343   Thumb Code     0  startup_stm32f407xx.o(.text)
    DMA2_Stream4_IRQHandler                  0x08000343   Thumb Code     0  startup_stm32f407xx.o(.text)
    DMA2_Stream5_IRQHandler                  0x08000343   Thumb Code     0  startup_stm32f407xx.o(.text)
    DMA2_Stream6_IRQHandler                  0x08000343   Thumb Code     0  startup_stm32f407xx.o(.text)
    DMA2_Stream7_IRQHandler                  0x08000343   Thumb Code     0  startup_stm32f407xx.o(.text)
    ETH_IRQHandler                           0x08000343   Thumb Code     0  startup_stm32f407xx.o(.text)
    ETH_WKUP_IRQHandler                      0x08000343   Thumb Code     0  startup_stm32f407xx.o(.text)
    EXTI0_IRQHandler                         0x08000343   Thumb Code     0  startup_stm32f407xx.o(.text)
    EXTI15_10_IRQHandler                     0x08000343   Thumb Code     0  startup_stm32f407xx.o(.text)
    EXTI1_IRQHandler                         0x08000343   Thumb Code     0  startup_stm32f407xx.o(.text)
    EXTI2_IRQHandler                         0x08000343   Thumb Code     0  startup_stm32f407xx.o(.text)
    EXTI3_IRQHandler                         0x08000343   Thumb Code     0  startup_stm32f407xx.o(.text)
    EXTI4_IRQHandler                         0x08000343   Thumb Code     0  startup_stm32f407xx.o(.text)
    EXTI9_5_IRQHandler                       0x08000343   Thumb Code     0  startup_stm32f407xx.o(.text)
    FLASH_IRQHandler                         0x08000343   Thumb Code     0  startup_stm32f407xx.o(.text)
    FMC_IRQHandler                           0x08000343   Thumb Code     0  startup_stm32f407xx.o(.text)
    FPU_IRQHandler                           0x08000343   Thumb Code     0  startup_stm32f407xx.o(.text)
    HASH_RNG_IRQHandler                      0x08000343   Thumb Code     0  startup_stm32f407xx.o(.text)
    I2C1_ER_IRQHandler                       0x08000343   Thumb Code     0  startup_stm32f407xx.o(.text)
    I2C1_EV_IRQHandler                       0x08000343   Thumb Code     0  startup_stm32f407xx.o(.text)
    I2C2_ER_IRQHandler                       0x08000343   Thumb Code     0  startup_stm32f407xx.o(.text)
    I2C2_EV_IRQHandler                       0x08000343   Thumb Code     0  startup_stm32f407xx.o(.text)
    I2C3_ER_IRQHandler                       0x08000343   Thumb Code     0  startup_stm32f407xx.o(.text)
    I2C3_EV_IRQHandler                       0x08000343   Thumb Code     0  startup_stm32f407xx.o(.text)
    OTG_FS_IRQHandler                        0x08000343   Thumb Code     0  startup_stm32f407xx.o(.text)
    OTG_FS_WKUP_IRQHandler                   0x08000343   Thumb Code     0  startup_stm32f407xx.o(.text)
    OTG_HS_EP1_IN_IRQHandler                 0x08000343   Thumb Code     0  startup_stm32f407xx.o(.text)
    OTG_HS_EP1_OUT_IRQHandler                0x08000343   Thumb Code     0  startup_stm32f407xx.o(.text)
    OTG_HS_IRQHandler                        0x08000343   Thumb Code     0  startup_stm32f407xx.o(.text)
    OTG_HS_WKUP_IRQHandler                   0x08000343   Thumb Code     0  startup_stm32f407xx.o(.text)
    PVD_IRQHandler                           0x08000343   Thumb Code     0  startup_stm32f407xx.o(.text)
    RCC_IRQHandler                           0x08000343   Thumb Code     0  startup_stm32f407xx.o(.text)
    RTC_Alarm_IRQHandler                     0x08000343   Thumb Code     0  startup_stm32f407xx.o(.text)
    RTC_WKUP_IRQHandler                      0x08000343   Thumb Code     0  startup_stm32f407xx.o(.text)
    SDIO_IRQHandler                          0x08000343   Thumb Code     0  startup_stm32f407xx.o(.text)
    SPI1_IRQHandler                          0x08000343   Thumb Code     0  startup_stm32f407xx.o(.text)
    SPI2_IRQHandler                          0x08000343   Thumb Code     0  startup_stm32f407xx.o(.text)
    SPI3_IRQHandler                          0x08000343   Thumb Code     0  startup_stm32f407xx.o(.text)
    TAMP_STAMP_IRQHandler                    0x08000343   Thumb Code     0  startup_stm32f407xx.o(.text)
    TIM1_BRK_TIM9_IRQHandler                 0x08000343   Thumb Code     0  startup_stm32f407xx.o(.text)
    TIM1_CC_IRQHandler                       0x08000343   Thumb Code     0  startup_stm32f407xx.o(.text)
    TIM1_TRG_COM_TIM11_IRQHandler            0x08000343   Thumb Code     0  startup_stm32f407xx.o(.text)
    TIM4_IRQHandler                          0x08000343   Thumb Code     0  startup_stm32f407xx.o(.text)
    TIM6_DAC_IRQHandler                      0x08000343   Thumb Code     0  startup_stm32f407xx.o(.text)
    TIM7_IRQHandler                          0x08000343   Thumb Code     0  startup_stm32f407xx.o(.text)
    TIM8_BRK_TIM12_IRQHandler                0x08000343   Thumb Code     0  startup_stm32f407xx.o(.text)
    TIM8_CC_IRQHandler                       0x08000343   Thumb Code     0  startup_stm32f407xx.o(.text)
    TIM8_TRG_COM_TIM14_IRQHandler            0x08000343   Thumb Code     0  startup_stm32f407xx.o(.text)
    TIM8_UP_TIM13_IRQHandler                 0x08000343   Thumb Code     0  startup_stm32f407xx.o(.text)
    UART5_IRQHandler                         0x08000343   Thumb Code     0  startup_stm32f407xx.o(.text)
    USART6_IRQHandler                        0x08000343   Thumb Code     0  startup_stm32f407xx.o(.text)
    WWDG_IRQHandler                          0x08000343   Thumb Code     0  startup_stm32f407xx.o(.text)
    __user_initial_stackheap                 0x08000345   Thumb Code     0  startup_stm32f407xx.o(.text)
    __aeabi_uldivmod                         0x08000369   Thumb Code     0  lludivv7m.o(.text)
    _ll_udiv                                 0x08000369   Thumb Code   238  lludivv7m.o(.text)
    __aeabi_memcpy4                          0x08000457   Thumb Code     0  rt_memcpy_w.o(.text)
    __aeabi_memcpy8                          0x08000457   Thumb Code     0  rt_memcpy_w.o(.text)
    __rt_memcpy_w                            0x08000457   Thumb Code   100  rt_memcpy_w.o(.text)
    _memcpy_lastbytes_aligned                0x0800049f   Thumb Code     0  rt_memcpy_w.o(.text)
    __aeabi_memclr4                          0x080004bb   Thumb Code     0  rt_memclr_w.o(.text)
    __aeabi_memclr8                          0x080004bb   Thumb Code     0  rt_memclr_w.o(.text)
    __rt_memclr_w                            0x080004bb   Thumb Code    78  rt_memclr_w.o(.text)
    _memset_w                                0x080004bf   Thumb Code     0  rt_memclr_w.o(.text)
    __use_two_region_memory                  0x08000509   Thumb Code     2  heapauxi.o(.text)
    __rt_heap_escrow$2region                 0x0800050b   Thumb Code     2  heapauxi.o(.text)
    __rt_heap_expand$2region                 0x0800050d   Thumb Code     2  heapauxi.o(.text)
    __user_setup_stackheap                   0x0800050f   Thumb Code    74  sys_stackheap_outer.o(.text)
    exit                                     0x08000559   Thumb Code    18  exit.o(.text)
    __user_libspace                          0x0800056d   Thumb Code     8  libspace.o(.text)
    __user_perproc_libspace                  0x0800056d   Thumb Code     0  libspace.o(.text)
    __user_perthread_libspace                0x0800056d   Thumb Code     0  libspace.o(.text)
    _sys_exit                                0x08000575   Thumb Code     8  sys_exit.o(.text)
    __I$use$semihosting                      0x08000581   Thumb Code     0  use_no_semi.o(.text)
    __use_no_semihosting_swi                 0x08000581   Thumb Code     2  use_no_semi.o(.text)
    BusFault_Handler                         0x08000583   Thumb Code     2  stm32f4xx_it.o(i.BusFault_Handler)
    __semihosting_library_function           0x08000583   Thumb Code     0  indicate_semi.o(.text)
    Car_go                                   0x08000585   Thumb Code    68  control.o(i.Car_go)
    DebugMon_Handler                         0x080005dd   Thumb Code     2  stm32f4xx_it.o(i.DebugMon_Handler)
    Error_Handler                            0x080005df   Thumb Code     4  main.o(i.Error_Handler)
    HAL_DMA_Abort                            0x080005e3   Thumb Code   146  stm32f4xx_hal_dma.o(i.HAL_DMA_Abort)
    HAL_DMA_Abort_IT                         0x08000675   Thumb Code    36  stm32f4xx_hal_dma.o(i.HAL_DMA_Abort_IT)
    HAL_GPIO_Init                            0x08000699   Thumb Code   450  stm32f4xx_hal_gpio.o(i.HAL_GPIO_Init)
    HAL_GPIO_ReadPin                         0x08000889   Thumb Code    10  stm32f4xx_hal_gpio.o(i.HAL_GPIO_ReadPin)
    HAL_GPIO_WritePin                        0x08000893   Thumb Code    10  stm32f4xx_hal_gpio.o(i.HAL_GPIO_WritePin)
    HAL_GetTick                              0x0800089d   Thumb Code     6  stm32f4xx_hal.o(i.HAL_GetTick)
    HAL_IncTick                              0x080008a9   Thumb Code    12  stm32f4xx_hal.o(i.HAL_IncTick)
    HAL_Init                                 0x080008b9   Thumb Code    48  stm32f4xx_hal.o(i.HAL_Init)
    HAL_InitTick                             0x080008ed   Thumb Code   120  stm32f4xx_hal_timebase_tim.o(i.HAL_InitTick)
    HAL_MspInit                              0x08000979   Thumb Code    52  stm32f4xx_hal_msp.o(i.HAL_MspInit)
    HAL_NVIC_EnableIRQ                       0x080009b1   Thumb Code    26  stm32f4xx_hal_cortex.o(i.HAL_NVIC_EnableIRQ)
    HAL_NVIC_SetPriority                     0x080009cd   Thumb Code    60  stm32f4xx_hal_cortex.o(i.HAL_NVIC_SetPriority)
    HAL_NVIC_SetPriorityGrouping             0x08000a0d   Thumb Code    26  stm32f4xx_hal_cortex.o(i.HAL_NVIC_SetPriorityGrouping)
    HAL_RCC_ClockConfig                      0x08000a31   Thumb Code   288  stm32f4xx_hal_rcc.o(i.HAL_RCC_ClockConfig)
    HAL_RCC_GetClockConfig                   0x08000b65   Thumb Code    54  stm32f4xx_hal_rcc.o(i.HAL_RCC_GetClockConfig)
    HAL_RCC_GetPCLK1Freq                     0x08000ba5   Thumb Code    20  stm32f4xx_hal_rcc.o(i.HAL_RCC_GetPCLK1Freq)
    HAL_RCC_GetPCLK2Freq                     0x08000bc5   Thumb Code    20  stm32f4xx_hal_rcc.o(i.HAL_RCC_GetPCLK2Freq)
    HAL_RCC_GetSysClockFreq                  0x08000be5   Thumb Code    88  stm32f4xx_hal_rcc.o(i.HAL_RCC_GetSysClockFreq)
    HAL_RCC_OscConfig                        0x08000c45   Thumb Code   856  stm32f4xx_hal_rcc.o(i.HAL_RCC_OscConfig)
    HAL_TIMEx_BreakCallback                  0x08000fb1   Thumb Code     2  stm32f4xx_hal_tim_ex.o(i.HAL_TIMEx_BreakCallback)
    HAL_TIMEx_CommutCallback                 0x08000fb3   Thumb Code     2  stm32f4xx_hal_tim_ex.o(i.HAL_TIMEx_CommutCallback)
    HAL_TIMEx_MasterConfigSynchronization    0x08000fb5   Thumb Code   116  stm32f4xx_hal_tim_ex.o(i.HAL_TIMEx_MasterConfigSynchronization)
    HAL_TIM_Base_Init                        0x08001045   Thumb Code    90  stm32f4xx_hal_tim.o(i.HAL_TIM_Base_Init)
    HAL_TIM_Base_MspInit                     0x080010a1   Thumb Code    50  tim.o(i.HAL_TIM_Base_MspInit)
    HAL_TIM_Base_Start_IT                    0x080010dd   Thumb Code   100  stm32f4xx_hal_tim.o(i.HAL_TIM_Base_Start_IT)
    HAL_TIM_ConfigClockSource                0x0800115d   Thumb Code   220  stm32f4xx_hal_tim.o(i.HAL_TIM_ConfigClockSource)
    HAL_TIM_Encoder_Init                     0x08001239   Thumb Code   164  stm32f4xx_hal_tim.o(i.HAL_TIM_Encoder_Init)
    HAL_TIM_Encoder_MspInit                  0x080012dd   Thumb Code   214  tim.o(i.HAL_TIM_Encoder_MspInit)
    HAL_TIM_Encoder_Start                    0x080013c5   Thumb Code   142  stm32f4xx_hal_tim.o(i.HAL_TIM_Encoder_Start)
    HAL_TIM_IC_CaptureCallback               0x08001453   Thumb Code     2  stm32f4xx_hal_tim.o(i.HAL_TIM_IC_CaptureCallback)
    HAL_TIM_IRQHandler                       0x08001455   Thumb Code   358  stm32f4xx_hal_tim.o(i.HAL_TIM_IRQHandler)
    HAL_TIM_MspPostInit                      0x080015bd   Thumb Code   104  tim.o(i.HAL_TIM_MspPostInit)
    HAL_TIM_OC_DelayElapsedCallback          0x08001635   Thumb Code     2  stm32f4xx_hal_tim.o(i.HAL_TIM_OC_DelayElapsedCallback)
    HAL_TIM_PWM_ConfigChannel                0x08001637   Thumb Code   204  stm32f4xx_hal_tim.o(i.HAL_TIM_PWM_ConfigChannel)
    HAL_TIM_PWM_Init                         0x08001703   Thumb Code    90  stm32f4xx_hal_tim.o(i.HAL_TIM_PWM_Init)
    HAL_TIM_PWM_MspInit                      0x0800175d   Thumb Code     2  stm32f4xx_hal_tim.o(i.HAL_TIM_PWM_MspInit)
    HAL_TIM_PWM_PulseFinishedCallback        0x0800175f   Thumb Code     2  stm32f4xx_hal_tim.o(i.HAL_TIM_PWM_PulseFinishedCallback)
    HAL_TIM_PWM_Start                        0x08001761   Thumb Code   172  stm32f4xx_hal_tim.o(i.HAL_TIM_PWM_Start)
    HAL_TIM_PeriodElapsedCallback            0x08001829   Thumb Code    70  main.o(i.HAL_TIM_PeriodElapsedCallback)
    HAL_TIM_TriggerCallback                  0x08001885   Thumb Code     2  stm32f4xx_hal_tim.o(i.HAL_TIM_TriggerCallback)
    HAL_UARTEx_RxEventCallback               0x08001887   Thumb Code     2  stm32f4xx_hal_uart.o(i.HAL_UARTEx_RxEventCallback)
    HAL_UART_ErrorCallback                   0x08001889   Thumb Code     2  stm32f4xx_hal_uart.o(i.HAL_UART_ErrorCallback)
    HAL_UART_IRQHandler                      0x0800188d   Thumb Code   610  stm32f4xx_hal_uart.o(i.HAL_UART_IRQHandler)
    HAL_UART_Init                            0x08001af5   Thumb Code    98  stm32f4xx_hal_uart.o(i.HAL_UART_Init)
    HAL_UART_MspInit                         0x08001b59   Thumb Code   338  usart.o(i.HAL_UART_MspInit)
    HAL_UART_Receive_IT                      0x08001ccd   Thumb Code    42  stm32f4xx_hal_uart.o(i.HAL_UART_Receive_IT)
    HAL_UART_RxCpltCallback                  0x08001cf9   Thumb Code   692  usart.o(i.HAL_UART_RxCpltCallback)
    HAL_UART_Transmit_IT                     0x08001fe5   Thumb Code    62  stm32f4xx_hal_uart.o(i.HAL_UART_Transmit_IT)
    HAL_UART_TxCpltCallback                  0x08002023   Thumb Code     2  usart.o(i.HAL_UART_TxCpltCallback)
    HardFault_Handler                        0x08002025   Thumb Code     2  stm32f4xx_it.o(i.HardFault_Handler)
    Left_getpos                              0x08002029   Thumb Code    14  encoder.o(i.Left_getpos)
    MX_FREERTOS_Init                         0x08002041   Thumb Code    74  freertos.o(i.MX_FREERTOS_Init)
    MX_GPIO_Init                             0x08002095   Thumb Code   184  gpio.o(i.MX_GPIO_Init)
    MX_TIM2_Init                             0x08002159   Thumb Code    98  tim.o(i.MX_TIM2_Init)
    MX_TIM3_Init                             0x080021c1   Thumb Code   204  tim.o(i.MX_TIM3_Init)
    MX_TIM5_Init                             0x08002295   Thumb Code    96  tim.o(i.MX_TIM5_Init)
    MX_UART4_Init                            0x080022fd   Thumb Code    48  usart.o(i.MX_UART4_Init)
    MX_USART1_UART_Init                      0x08002335   Thumb Code    48  usart.o(i.MX_USART1_UART_Init)
    MX_USART2_UART_Init                      0x0800236d   Thumb Code    48  usart.o(i.MX_USART2_UART_Init)
    MX_USART3_UART_Init                      0x080023a5   Thumb Code    48  usart.o(i.MX_USART3_UART_Init)
    MemManage_Handler                        0x080023dd   Thumb Code     2  stm32f4xx_it.o(i.MemManage_Handler)
    NMI_Handler                              0x080023df   Thumb Code     2  stm32f4xx_it.o(i.NMI_Handler)
    Right_getpos                             0x080023e1   Thumb Code    14  encoder.o(i.Right_getpos)
    Spin_Turn                                0x080023f9   Thumb Code   198  control.o(i.Spin_Turn)
    StartDefaultTask                         0x080024f5   Thumb Code     8  freertos.o(i.StartDefaultTask)
    SysTick_Handler                          0x080024fd   Thumb Code    38  port.o(i.SysTick_Handler)
    SystemClock_Config                       0x08002529   Thumb Code   138  main.o(i.SystemClock_Config)
    SystemInit                               0x080025bd   Thumb Code    12  system_stm32f4xx.o(i.SystemInit)
    TIM1_UP_TIM10_IRQHandler                 0x080025cd   Thumb Code     6  stm32f4xx_it.o(i.TIM1_UP_TIM10_IRQHandler)
    TIM2_IRQHandler                          0x080025d9   Thumb Code     6  stm32f4xx_it.o(i.TIM2_IRQHandler)
    TIM3_IRQHandler                          0x080025e5   Thumb Code     6  stm32f4xx_it.o(i.TIM3_IRQHandler)
    TIM5_IRQHandler                          0x080025f1   Thumb Code     6  stm32f4xx_it.o(i.TIM5_IRQHandler)
    TIM_Base_SetConfig                       0x080025fd   Thumb Code   156  stm32f4xx_hal_tim.o(i.TIM_Base_SetConfig)
    TIM_CCxChannelCmd                        0x080026c5   Thumb Code    26  stm32f4xx_hal_tim.o(i.TIM_CCxChannelCmd)
    TIM_ETR_SetConfig                        0x080026df   Thumb Code    20  stm32f4xx_hal_tim.o(i.TIM_ETR_SetConfig)
    TIM_OC2_SetConfig                        0x08002765   Thumb Code    98  stm32f4xx_hal_tim.o(i.TIM_OC2_SetConfig)
    Task_CarGoalCtrl                         0x080028d1   Thumb Code  2116  freertos.o(i.Task_CarGoalCtrl)
    Task_SpeedCtrl                           0x0800317d   Thumb Code   330  freertos.o(i.Task_SpeedCtrl)
    UART4_IRQHandler                         0x08003311   Thumb Code     6  stm32f4xx_it.o(i.UART4_IRQHandler)
    UART_Start_Receive_IT                    0x08003549   Thumb Code    58  stm32f4xx_hal_uart.o(i.UART_Start_Receive_IT)
    USART1_IRQHandler                        0x08003585   Thumb Code     6  stm32f4xx_it.o(i.USART1_IRQHandler)
    USART2_IRQHandler                        0x08003591   Thumb Code     6  stm32f4xx_it.o(i.USART2_IRQHandler)
    USART3_IRQHandler                        0x0800359d   Thumb Code     6  stm32f4xx_it.o(i.USART3_IRQHandler)
    UsageFault_Handler                       0x080035a9   Thumb Code     2  stm32f4xx_it.o(i.UsageFault_Handler)
    left_distance_control                    0x080035cd   Thumb Code   156  control.o(i.left_distance_control)
    main                                     0x080036ad   Thumb Code   402  main.o(i.main)
    osDelay                                  0x08003881   Thumb Code    14  cmsis_os.o(i.osDelay)
    osKernelStart                            0x0800388f   Thumb Code    10  cmsis_os.o(i.osKernelStart)
    osThreadCreate                           0x08003899   Thumb Code    84  cmsis_os.o(i.osThreadCreate)
    pid_init                                 0x080038ed   Thumb Code    38  pid.o(i.pid_init)
    pid_param_set                            0x08003919   Thumb Code     6  pid.o(i.pid_param_set)
    pid_realize                              0x0800391f   Thumb Code    66  pid.o(i.pid_realize)
    pid_target_set                           0x08003961   Thumb Code     6  pid.o(i.pid_target_set)
    pvPortMalloc                             0x08003cb5   Thumb Code   216  heap_4.o(i.pvPortMalloc)
    pxPortInitialiseStack                    0x08003d91   Thumb Code    40  port.o(i.pxPortInitialiseStack)
    right_distance_control                   0x08003dbd   Thumb Code   156  control.o(i.right_distance_control)
    speed_control                            0x08003e9d   Thumb Code   410  control.o(i.speed_control)
    uxListRemove                             0x08004071   Thumb Code    38  list.o(i.uxListRemove)
    vApplicationGetIdleTaskMemory            0x08004099   Thumb Code    16  freertos.o(i.vApplicationGetIdleTaskMemory)
    vListInitialise                          0x080040ad   Thumb Code    22  list.o(i.vListInitialise)
    vListInitialiseItem                      0x080040c3   Thumb Code     6  list.o(i.vListInitialiseItem)
    vListInsert                              0x080040c9   Thumb Code    48  list.o(i.vListInsert)
    vListInsertEnd                           0x080040f9   Thumb Code    24  list.o(i.vListInsertEnd)
    vPortEnterCritical                       0x08004111   Thumb Code    54  port.o(i.vPortEnterCritical)
    vPortExitCritical                        0x08004151   Thumb Code    34  port.o(i.vPortExitCritical)
    vPortFree                                0x08004179   Thumb Code    94  heap_4.o(i.vPortFree)
    vPortSetupTimerInterrupt                 0x080041dd   Thumb Code    32  port.o(i.vPortSetupTimerInterrupt)
    vTaskDelay                               0x08004201   Thumb Code    66  tasks.o(i.vTaskDelay)
    vTaskStartScheduler                      0x0800424d   Thumb Code    90  tasks.o(i.vTaskStartScheduler)
    vTaskSuspendAll                          0x080042b9   Thumb Code    10  tasks.o(i.vTaskSuspendAll)
    vTaskSwitchContext                       0x080042c9   Thumb Code    82  tasks.o(i.vTaskSwitchContext)
    xPortStartScheduler                      0x08004325   Thumb Code   222  port.o(i.xPortStartScheduler)
    xTaskCreate                              0x08004419   Thumb Code    90  tasks.o(i.xTaskCreate)
    xTaskCreateStatic                        0x08004473   Thumb Code    86  tasks.o(i.xTaskCreateStatic)
    xTaskIncrementTick                       0x080044c9   Thumb Code   194  tasks.o(i.xTaskIncrementTick)
    xTaskResumeAll                           0x08004595   Thumb Code   182  tasks.o(i.xTaskResumeAll)
    __aeabi_d2f                              0x08004659   Thumb Code     0  d2f.o(x$fpl$d2f)
    _d2f                                     0x08004659   Thumb Code    98  d2f.o(x$fpl$d2f)
    __fpl_dcmp_Inf                           0x080046bb   Thumb Code    24  dcmpi.o(x$fpl$dcmpinf)
    __aeabi_ddiv                             0x080046d5   Thumb Code     0  ddiv.o(x$fpl$ddiv)
    _ddiv                                    0x080046d5   Thumb Code   552  ddiv.o(x$fpl$ddiv)
    __aeabi_i2d                              0x08004985   Thumb Code     0  dflt_clz.o(x$fpl$dflt)
    _dflt                                    0x08004985   Thumb Code    46  dflt_clz.o(x$fpl$dflt)
    __aeabi_cdcmple                          0x080049b5   Thumb Code     0  dleqf.o(x$fpl$dleqf)
    _dcmple                                  0x080049b5   Thumb Code   120  dleqf.o(x$fpl$dleqf)
    __fpl_dcmple_InfNaN                      0x08004a17   Thumb Code     0  dleqf.o(x$fpl$dleqf)
    __aeabi_dmul                             0x08004a2d   Thumb Code     0  dmul.o(x$fpl$dmul)
    _dmul                                    0x08004a2d   Thumb Code   332  dmul.o(x$fpl$dmul)
    __fpl_dnaninf                            0x08004b81   Thumb Code   156  dnaninf.o(x$fpl$dnaninf)
    __fpl_dretinf                            0x08004c1d   Thumb Code    12  dretinf.o(x$fpl$dretinf)
    __aeabi_cdrcmple                         0x08004c29   Thumb Code     0  drleqf.o(x$fpl$drleqf)
    _drcmple                                 0x08004c29   Thumb Code   108  drleqf.o(x$fpl$drleqf)
    _fp_init                                 0x08004c95   Thumb Code    10  fpinit.o(x$fpl$fpinit)
    __fplib_config_fpu_vfp                   0x08004c9d   Thumb Code     0  fpinit.o(x$fpl$fpinit)
    __fplib_config_pureend_doubles           0x08004c9d   Thumb Code     0  fpinit.o(x$fpl$fpinit)
    __fpl_fretinf                            0x08004c9f   Thumb Code    10  fretinf.o(x$fpl$fretinf)
    __I$use$fp                               0x08004ca8   Number         0  usenofp.o(x$fpl$usenofp)
    AHBPrescTable                            0x08004cfc   Data          16  system_stm32f4xx.o(.constdata)
    APBPrescTable                            0x08004d0c   Data           8  system_stm32f4xx.o(.constdata)
    Region$$Table$$Base                      0x08004d40   Number         0  anon$$obj.o(Region$$Table)
    Region$$Table$$Limit                     0x08004d60   Number         0  anon$$obj.o(Region$$Table)
    speed_target                             0x20000000   Data           4  main.o(.data)
    l_pid                                    0x20000004   Data          32  main.o(.data)
    r_pid                                    0x20000024   Data          32  main.o(.data)
    pid_line                                 0x20000044   Data          32  main.o(.data)
    pid_distance_l                           0x20000064   Data          32  main.o(.data)
    pid_distance_r                           0x20000084   Data          32  main.o(.data)
    speed_line_offset                        0x200000a4   Data           4  main.o(.data)
    deviation                                0x200000a8   Data           2  main.o(.data)
    defaultTaskHandle                        0x200000b0   Data           4  freertos.o(.data)
    SpeedCtrlTaskHandle                      0x200000b4   Data           4  freertos.o(.data)
    CarGoalCtrlTaskHandle                    0x200000b8   Data           4  freertos.o(.data)
    Uart1_Rx_Cnt                             0x200000bc   Data           1  usart.o(.data)
    uart1_rxstate                            0x200000bd   Data           1  usart.o(.data)
    Uart3_Rx_Cnt                             0x200000be   Data           1  usart.o(.data)
    uart3_rxstate                            0x200000bf   Data           1  usart.o(.data)
    Uart2_Rx_Cnt                             0x200000c0   Data           1  usart.o(.data)
    uart2_rxstate                            0x200000c1   Data           1  usart.o(.data)
    Uart4_Rx_Cnt                             0x200000c2   Data           1  usart.o(.data)
    uart4_rxstate                            0x200000c3   Data           1  usart.o(.data)
    u1_aRxBuffer                             0x200000c4   Data           1  usart.o(.data)
    u3_aRxBuffer                             0x200000c5   Data           1  usart.o(.data)
    u2_aRxBuffer                             0x200000c6   Data           1  usart.o(.data)
    u4_aRxBuffer                             0x200000c7   Data           1  usart.o(.data)
    uwTickFreq                               0x200000c8   Data           1  stm32f4xx_hal.o(.data)
    uwTickPrio                               0x200000cc   Data           4  stm32f4xx_hal.o(.data)
    uwTick                                   0x200000d0   Data           4  stm32f4xx_hal.o(.data)
    SystemCoreClock                          0x200000d4   Data           4  system_stm32f4xx.o(.data)
    pxCurrentTCB                             0x200000d8   Data           4  tasks.o(.data)
    left_timer_count                         0x20000140   Data           4  encoder.o(.data)
    right_timer_count                        0x20000144   Data           4  encoder.o(.data)
    left_last_total_count                    0x20000148   Data           4  encoder.o(.data)
    left_timer_overflow                      0x2000014c   Data           4  encoder.o(.data)
    right_last_total_count                   0x20000150   Data           4  encoder.o(.data)
    right_timer_overflow                     0x20000154   Data           4  encoder.o(.data)
    left_last_dis_cnt                        0x20000158   Data           4  encoder.o(.data)
    right_last_dis_cnt                       0x2000015c   Data           4  encoder.o(.data)
    get_num_cmd                              0x20000160   Data           4  control.o(.data)
    get_dir_cmd                              0x20000164   Data           4  control.o(.data)
    make_slave_start_cmd                     0x20000168   Data           4  control.o(.data)
    make_slave_led_off                       0x2000016c   Data           4  control.o(.data)
    make_slave_getdrugstart_cmd              0x20000170   Data           4  control.o(.data)
    make_slave_restart2far_cmd               0x20000174   Data           4  control.o(.data)
    openmv_run                               0x20000178   Data           1  control.o(.data)
    line_flag                                0x2000017c   Data           1  control.o(.data)
    dis_ctrl_flag                            0x2000017d   Data           1  control.o(.data)
    dis_ctrl_fin_flag                        0x2000017e   Data           1  control.o(.data)
    spin_flag                                0x2000017f   Data           1  control.o(.data)
    spin_fin_flag                            0x20000180   Data           1  control.o(.data)
    pwm_out_left                             0x20000184   Data           4  control.o(.data)
    pwm_out_right                            0x20000188   Data           4  control.o(.data)
    actual_speed_left                        0x2000018c   Data           4  control.o(.data)
    actual_speed_right                       0x20000190   Data           4  control.o(.data)
    stop_flag                                0x20000194   Data           1  control.o(.data)
    crossing_flag                            0x20000195   Data           1  control.o(.data)
    finded_flag                              0x20000196   Data           1  control.o(.data)
    dis_outval_l                             0x20000198   Data           4  control.o(.data)
    dis_outval_r                             0x2000019c   Data           4  control.o(.data)
    errfin_cnt_l_dis                         0x200001a0   Data           1  control.o(.data)
    errfin_cnt_r_dis                         0x200001a1   Data           1  control.o(.data)
    cur_action                               0x200001a2   Data           1  control.o(.data)
    TASK                                     0x200001a3   Data           1  control.o(.data)
    delivery_flag                            0x200001a4   Data           1  control.o(.data)
    target_num                               0x200001a5   Data           1  control.o(.data)
    LoR                                      0x200001a6   Data           1  control.o(.data)
    last_LoR                                 0x200001a7   Data           1  control.o(.data)
    fin_area                                 0x200001a8   Data           1  control.o(.data)
    htim2                                    0x20000400   Data          72  tim.o(.bss)
    htim3                                    0x20000448   Data          72  tim.o(.bss)
    htim5                                    0x20000490   Data          72  tim.o(.bss)
    U1RxBuffer                               0x200004d8   Data          10  usart.o(.bss)
    U3RxBuffer                               0x200004e2   Data          10  usart.o(.bss)
    U2RxBuffer                               0x200004ec   Data          10  usart.o(.bss)
    U4RxBuffer                               0x200004f6   Data          10  usart.o(.bss)
    huart4                                   0x20000500   Data          68  usart.o(.bss)
    huart1                                   0x20000544   Data          68  usart.o(.bss)
    huart2                                   0x20000588   Data          68  usart.o(.bss)
    huart3                                   0x200005cc   Data          68  usart.o(.bss)
    htim1                                    0x20000610   Data          72  stm32f4xx_hal_timebase_tim.o(.bss)
    __libspace_start                         0x20004348   Data          96  libspace.o(.bss)
    __temporary_stack_top$libspace           0x200043a8   Data           0  libspace.o(.bss)



==============================================================================

Memory Map of the image

  Image Entry point : 0x08000189

  Load Region LR_IROM1 (Base: 0x08000000, Size: 0x00004f0c, Max: 0x00080000, ABSOLUTE, COMPRESSED[0x00004da0])

    Execution Region ER_IROM1 (Exec base: 0x08000000, Load base: 0x08000000, Size: 0x00004d60, Max: 0x00080000, ABSOLUTE)

    Exec Addr    Load Addr    Size         Type   Attr      Idx    E Section Name        Object

    0x08000000   0x08000000   0x00000188   Data   RO            3    RESET               startup_stm32f407xx.o
    0x08000188   0x08000188   0x00000008   Code   RO         4612  * !!!main             c_w.l(__main.o)
    0x08000190   0x08000190   0x00000034   Code   RO         4812    !!!scatter          c_w.l(__scatter.o)
    0x080001c4   0x080001c4   0x0000005a   Code   RO         4810    !!dczerorl2         c_w.l(__dczerorl2.o)
    0x0800021e   0x0800021e   0x00000002   PAD
    0x08000220   0x08000220   0x0000001c   Code   RO         4814    !!handler_zi        c_w.l(__scatter_zi.o)
    0x0800023c   0x0800023c   0x00000002   Code   RO         4678    .ARM.Collect$$libinit$$00000000  c_w.l(libinit.o)
    0x0800023e   0x0800023e   0x00000004   Code   RO         4690    .ARM.Collect$$libinit$$00000001  c_w.l(libinit2.o)
    0x08000242   0x08000242   0x00000000   Code   RO         4693    .ARM.Collect$$libinit$$00000004  c_w.l(libinit2.o)
    0x08000242   0x08000242   0x00000000   Code   RO         4696    .ARM.Collect$$libinit$$0000000A  c_w.l(libinit2.o)
    0x08000242   0x08000242   0x00000000   Code   RO         4698    .ARM.Collect$$libinit$$0000000C  c_w.l(libinit2.o)
    0x08000242   0x08000242   0x00000000   Code   RO         4700    .ARM.Collect$$libinit$$0000000E  c_w.l(libinit2.o)
    0x08000242   0x08000242   0x00000000   Code   RO         4703    .ARM.Collect$$libinit$$00000011  c_w.l(libinit2.o)
    0x08000242   0x08000242   0x00000000   Code   RO         4705    .ARM.Collect$$libinit$$00000013  c_w.l(libinit2.o)
    0x08000242   0x08000242   0x00000000   Code   RO         4707    .ARM.Collect$$libinit$$00000015  c_w.l(libinit2.o)
    0x08000242   0x08000242   0x00000000   Code   RO         4709    .ARM.Collect$$libinit$$00000017  c_w.l(libinit2.o)
    0x08000242   0x08000242   0x00000000   Code   RO         4711    .ARM.Collect$$libinit$$00000019  c_w.l(libinit2.o)
    0x08000242   0x08000242   0x00000000   Code   RO         4713    .ARM.Collect$$libinit$$0000001B  c_w.l(libinit2.o)
    0x08000242   0x08000242   0x00000000   Code   RO         4715    .ARM.Collect$$libinit$$0000001D  c_w.l(libinit2.o)
    0x08000242   0x08000242   0x00000000   Code   RO         4717    .ARM.Collect$$libinit$$0000001F  c_w.l(libinit2.o)
    0x08000242   0x08000242   0x00000000   Code   RO         4719    .ARM.Collect$$libinit$$00000021  c_w.l(libinit2.o)
    0x08000242   0x08000242   0x00000000   Code   RO         4721    .ARM.Collect$$libinit$$00000023  c_w.l(libinit2.o)
    0x08000242   0x08000242   0x00000000   Code   RO         4723    .ARM.Collect$$libinit$$00000025  c_w.l(libinit2.o)
    0x08000242   0x08000242   0x00000000   Code   RO         4727    .ARM.Collect$$libinit$$0000002C  c_w.l(libinit2.o)
    0x08000242   0x08000242   0x00000000   Code   RO         4729    .ARM.Collect$$libinit$$0000002E  c_w.l(libinit2.o)
    0x08000242   0x08000242   0x00000000   Code   RO         4731    .ARM.Collect$$libinit$$00000030  c_w.l(libinit2.o)
    0x08000242   0x08000242   0x00000000   Code   RO         4733    .ARM.Collect$$libinit$$00000032  c_w.l(libinit2.o)
    0x08000242   0x08000242   0x00000002   Code   RO         4734    .ARM.Collect$$libinit$$00000033  c_w.l(libinit2.o)
    0x08000244   0x08000244   0x00000002   Code   RO         4765    .ARM.Collect$$libshutdown$$00000000  c_w.l(libshutdown.o)
    0x08000246   0x08000246   0x00000000   Code   RO         4791    .ARM.Collect$$libshutdown$$00000002  c_w.l(libshutdown2.o)
    0x08000246   0x08000246   0x00000000   Code   RO         4793    .ARM.Collect$$libshutdown$$00000004  c_w.l(libshutdown2.o)
    0x08000246   0x08000246   0x00000000   Code   RO         4795    .ARM.Collect$$libshutdown$$00000006  c_w.l(libshutdown2.o)
    0x08000246   0x08000246   0x00000000   Code   RO         4798    .ARM.Collect$$libshutdown$$00000009  c_w.l(libshutdown2.o)
    0x08000246   0x08000246   0x00000000   Code   RO         4801    .ARM.Collect$$libshutdown$$0000000C  c_w.l(libshutdown2.o)
    0x08000246   0x08000246   0x00000000   Code   RO         4803    .ARM.Collect$$libshutdown$$0000000E  c_w.l(libshutdown2.o)
    0x08000246   0x08000246   0x00000000   Code   RO         4806    .ARM.Collect$$libshutdown$$00000011  c_w.l(libshutdown2.o)
    0x08000246   0x08000246   0x00000002   Code   RO         4807    .ARM.Collect$$libshutdown$$00000012  c_w.l(libshutdown2.o)
    0x08000248   0x08000248   0x00000000   Code   RO         4630    .ARM.Collect$$rtentry$$00000000  c_w.l(__rtentry.o)
    0x08000248   0x08000248   0x00000000   Code   RO         4647    .ARM.Collect$$rtentry$$00000002  c_w.l(__rtentry2.o)
    0x08000248   0x08000248   0x00000006   Code   RO         4659    .ARM.Collect$$rtentry$$00000004  c_w.l(__rtentry4.o)
    0x0800024e   0x0800024e   0x00000000   Code   RO         4649    .ARM.Collect$$rtentry$$00000009  c_w.l(__rtentry2.o)
    0x0800024e   0x0800024e   0x00000004   Code   RO         4650    .ARM.Collect$$rtentry$$0000000A  c_w.l(__rtentry2.o)
    0x08000252   0x08000252   0x00000000   Code   RO         4652    .ARM.Collect$$rtentry$$0000000C  c_w.l(__rtentry2.o)
    0x08000252   0x08000252   0x00000008   Code   RO         4653    .ARM.Collect$$rtentry$$0000000D  c_w.l(__rtentry2.o)
    0x0800025a   0x0800025a   0x00000002   Code   RO         4682    .ARM.Collect$$rtexit$$00000000  c_w.l(rtexit.o)
    0x0800025c   0x0800025c   0x00000000   Code   RO         4738    .ARM.Collect$$rtexit$$00000002  c_w.l(rtexit2.o)
    0x0800025c   0x0800025c   0x00000004   Code   RO         4739    .ARM.Collect$$rtexit$$00000003  c_w.l(rtexit2.o)
    0x08000260   0x08000260   0x00000006   Code   RO         4740    .ARM.Collect$$rtexit$$00000004  c_w.l(rtexit2.o)
    0x08000266   0x08000266   0x00000002   PAD
    0x08000268   0x08000268   0x000000be   Code   RO         4364    .emb_text           port.o
    0x08000326   0x08000326   0x00000002   PAD
    0x08000328   0x08000328   0x00000040   Code   RO            4    .text               startup_stm32f407xx.o
    0x08000368   0x08000368   0x000000ee   Code   RO         4600    .text               c_w.l(lludivv7m.o)
    0x08000456   0x08000456   0x00000064   Code   RO         4604    .text               c_w.l(rt_memcpy_w.o)
    0x080004ba   0x080004ba   0x0000004e   Code   RO         4608    .text               c_w.l(rt_memclr_w.o)
    0x08000508   0x08000508   0x00000006   Code   RO         4610    .text               c_w.l(heapauxi.o)
    0x0800050e   0x0800050e   0x0000004a   Code   RO         4665    .text               c_w.l(sys_stackheap_outer.o)
    0x08000558   0x08000558   0x00000012   Code   RO         4667    .text               c_w.l(exit.o)
    0x0800056a   0x0800056a   0x00000002   PAD
    0x0800056c   0x0800056c   0x00000008   Code   RO         4679    .text               c_w.l(libspace.o)
    0x08000574   0x08000574   0x0000000c   Code   RO         4735    .text               c_w.l(sys_exit.o)
    0x08000580   0x08000580   0x00000002   Code   RO         4754    .text               c_w.l(use_no_semi.o)
    0x08000582   0x08000582   0x00000000   Code   RO         4756    .text               c_w.l(indicate_semi.o)
    0x08000582   0x08000582   0x00000002   Code   RO          478    i.BusFault_Handler  stm32f4xx_it.o
    0x08000584   0x08000584   0x00000058   Code   RO         4520    i.Car_go            control.o
    0x080005dc   0x080005dc   0x00000002   Code   RO          479    i.DebugMon_Handler  stm32f4xx_it.o
    0x080005de   0x080005de   0x00000004   Code   RO           13    i.Error_Handler     main.o
    0x080005e2   0x080005e2   0x00000092   Code   RO         1109    i.HAL_DMA_Abort     stm32f4xx_hal_dma.o
    0x08000674   0x08000674   0x00000024   Code   RO         1110    i.HAL_DMA_Abort_IT  stm32f4xx_hal_dma.o
    0x08000698   0x08000698   0x000001f0   Code   RO         1002    i.HAL_GPIO_Init     stm32f4xx_hal_gpio.o
    0x08000888   0x08000888   0x0000000a   Code   RO         1004    i.HAL_GPIO_ReadPin  stm32f4xx_hal_gpio.o
    0x08000892   0x08000892   0x0000000a   Code   RO         1006    i.HAL_GPIO_WritePin  stm32f4xx_hal_gpio.o
    0x0800089c   0x0800089c   0x0000000c   Code   RO         1534    i.HAL_GetTick       stm32f4xx_hal.o
    0x080008a8   0x080008a8   0x00000010   Code   RO         1540    i.HAL_IncTick       stm32f4xx_hal.o
    0x080008b8   0x080008b8   0x00000034   Code   RO         1541    i.HAL_Init          stm32f4xx_hal.o
    0x080008ec   0x080008ec   0x0000008c   Code   RO          608    i.HAL_InitTick      stm32f4xx_hal_timebase_tim.o
    0x08000978   0x08000978   0x00000038   Code   RO          584    i.HAL_MspInit       stm32f4xx_hal_msp.o
    0x080009b0   0x080009b0   0x0000001a   Code   RO         1391    i.HAL_NVIC_EnableIRQ  stm32f4xx_hal_cortex.o
    0x080009ca   0x080009ca   0x00000002   PAD
    0x080009cc   0x080009cc   0x00000040   Code   RO         1397    i.HAL_NVIC_SetPriority  stm32f4xx_hal_cortex.o
    0x08000a0c   0x08000a0c   0x00000024   Code   RO         1398    i.HAL_NVIC_SetPriorityGrouping  stm32f4xx_hal_cortex.o
    0x08000a30   0x08000a30   0x00000134   Code   RO          648    i.HAL_RCC_ClockConfig  stm32f4xx_hal_rcc.o
    0x08000b64   0x08000b64   0x00000040   Code   RO          652    i.HAL_RCC_GetClockConfig  stm32f4xx_hal_rcc.o
    0x08000ba4   0x08000ba4   0x00000020   Code   RO          655    i.HAL_RCC_GetPCLK1Freq  stm32f4xx_hal_rcc.o
    0x08000bc4   0x08000bc4   0x00000020   Code   RO          656    i.HAL_RCC_GetPCLK2Freq  stm32f4xx_hal_rcc.o
    0x08000be4   0x08000be4   0x00000060   Code   RO          657    i.HAL_RCC_GetSysClockFreq  stm32f4xx_hal_rcc.o
    0x08000c44   0x08000c44   0x0000036c   Code   RO          660    i.HAL_RCC_OscConfig  stm32f4xx_hal_rcc.o
    0x08000fb0   0x08000fb0   0x00000002   Code   RO         2485    i.HAL_TIMEx_BreakCallback  stm32f4xx_hal_tim_ex.o
    0x08000fb2   0x08000fb2   0x00000002   Code   RO         2486    i.HAL_TIMEx_CommutCallback  stm32f4xx_hal_tim_ex.o
    0x08000fb4   0x08000fb4   0x00000090   Code   RO         2504    i.HAL_TIMEx_MasterConfigSynchronization  stm32f4xx_hal_tim_ex.o
    0x08001044   0x08001044   0x0000005a   Code   RO         1781    i.HAL_TIM_Base_Init  stm32f4xx_hal_tim.o
    0x0800109e   0x0800109e   0x00000002   PAD
    0x080010a0   0x080010a0   0x0000003c   Code   RO          322    i.HAL_TIM_Base_MspInit  tim.o
    0x080010dc   0x080010dc   0x00000080   Code   RO         1786    i.HAL_TIM_Base_Start_IT  stm32f4xx_hal_tim.o
    0x0800115c   0x0800115c   0x000000dc   Code   RO         1790    i.HAL_TIM_ConfigClockSource  stm32f4xx_hal_tim.o
    0x08001238   0x08001238   0x000000a4   Code   RO         1802    i.HAL_TIM_Encoder_Init  stm32f4xx_hal_tim.o
    0x080012dc   0x080012dc   0x000000e8   Code   RO          324    i.HAL_TIM_Encoder_MspInit  tim.o
    0x080013c4   0x080013c4   0x0000008e   Code   RO         1805    i.HAL_TIM_Encoder_Start  stm32f4xx_hal_tim.o
    0x08001452   0x08001452   0x00000002   Code   RO         1815    i.HAL_TIM_IC_CaptureCallback  stm32f4xx_hal_tim.o
    0x08001454   0x08001454   0x00000166   Code   RO         1829    i.HAL_TIM_IRQHandler  stm32f4xx_hal_tim.o
    0x080015ba   0x080015ba   0x00000002   PAD
    0x080015bc   0x080015bc   0x00000078   Code   RO          325    i.HAL_TIM_MspPostInit  tim.o
    0x08001634   0x08001634   0x00000002   Code   RO         1832    i.HAL_TIM_OC_DelayElapsedCallback  stm32f4xx_hal_tim.o
    0x08001636   0x08001636   0x000000cc   Code   RO         1853    i.HAL_TIM_PWM_ConfigChannel  stm32f4xx_hal_tim.o
    0x08001702   0x08001702   0x0000005a   Code   RO         1856    i.HAL_TIM_PWM_Init  stm32f4xx_hal_tim.o
    0x0800175c   0x0800175c   0x00000002   Code   RO         1858    i.HAL_TIM_PWM_MspInit  stm32f4xx_hal_tim.o
    0x0800175e   0x0800175e   0x00000002   Code   RO         1859    i.HAL_TIM_PWM_PulseFinishedCallback  stm32f4xx_hal_tim.o
    0x08001760   0x08001760   0x000000c8   Code   RO         1861    i.HAL_TIM_PWM_Start  stm32f4xx_hal_tim.o
    0x08001828   0x08001828   0x0000005c   Code   RO           14    i.HAL_TIM_PeriodElapsedCallback  main.o
    0x08001884   0x08001884   0x00000002   Code   RO         1872    i.HAL_TIM_TriggerCallback  stm32f4xx_hal_tim.o
    0x08001886   0x08001886   0x00000002   Code   RO         2763    i.HAL_UARTEx_RxEventCallback  stm32f4xx_hal_uart.o
    0x08001888   0x08001888   0x00000002   Code   RO         2777    i.HAL_UART_ErrorCallback  stm32f4xx_hal_uart.o
    0x0800188a   0x0800188a   0x00000002   PAD
    0x0800188c   0x0800188c   0x00000268   Code   RO         2780    i.HAL_UART_IRQHandler  stm32f4xx_hal_uart.o
    0x08001af4   0x08001af4   0x00000062   Code   RO         2781    i.HAL_UART_Init     stm32f4xx_hal_uart.o
    0x08001b56   0x08001b56   0x00000002   PAD
    0x08001b58   0x08001b58   0x00000174   Code   RO          394    i.HAL_UART_MspInit  usart.o
    0x08001ccc   0x08001ccc   0x0000002a   Code   RO         2786    i.HAL_UART_Receive_IT  stm32f4xx_hal_uart.o
    0x08001cf6   0x08001cf6   0x00000002   PAD
    0x08001cf8   0x08001cf8   0x000002ec   Code   RO          395    i.HAL_UART_RxCpltCallback  usart.o
    0x08001fe4   0x08001fe4   0x0000003e   Code   RO         2791    i.HAL_UART_Transmit_IT  stm32f4xx_hal_uart.o
    0x08002022   0x08002022   0x00000002   Code   RO          396    i.HAL_UART_TxCpltCallback  usart.o
    0x08002024   0x08002024   0x00000002   Code   RO          480    i.HardFault_Handler  stm32f4xx_it.o
    0x08002026   0x08002026   0x00000002   PAD
    0x08002028   0x08002028   0x00000018   Code   RO         4477    i.Left_getpos       encoder.o
    0x08002040   0x08002040   0x00000054   Code   RO          259    i.MX_FREERTOS_Init  freertos.o
    0x08002094   0x08002094   0x000000c4   Code   RO          231    i.MX_GPIO_Init      gpio.o
    0x08002158   0x08002158   0x00000068   Code   RO          326    i.MX_TIM2_Init      tim.o
    0x080021c0   0x080021c0   0x000000d4   Code   RO          327    i.MX_TIM3_Init      tim.o
    0x08002294   0x08002294   0x00000068   Code   RO          328    i.MX_TIM5_Init      tim.o
    0x080022fc   0x080022fc   0x00000038   Code   RO          397    i.MX_UART4_Init     usart.o
    0x08002334   0x08002334   0x00000038   Code   RO          398    i.MX_USART1_UART_Init  usart.o
    0x0800236c   0x0800236c   0x00000038   Code   RO          399    i.MX_USART2_UART_Init  usart.o
    0x080023a4   0x080023a4   0x00000038   Code   RO          400    i.MX_USART3_UART_Init  usart.o
    0x080023dc   0x080023dc   0x00000002   Code   RO          481    i.MemManage_Handler  stm32f4xx_it.o
    0x080023de   0x080023de   0x00000002   Code   RO          482    i.NMI_Handler       stm32f4xx_it.o
    0x080023e0   0x080023e0   0x00000018   Code   RO         4478    i.Right_getpos      encoder.o
    0x080023f8   0x080023f8   0x000000fc   Code   RO         4521    i.Spin_Turn         control.o
    0x080024f4   0x080024f4   0x00000008   Code   RO          260    i.StartDefaultTask  freertos.o
    0x080024fc   0x080024fc   0x0000002c   Code   RO         4365    i.SysTick_Handler   port.o
    0x08002528   0x08002528   0x00000094   Code   RO           15    i.SystemClock_Config  main.o
    0x080025bc   0x080025bc   0x00000010   Code   RO         3110    i.SystemInit        system_stm32f4xx.o
    0x080025cc   0x080025cc   0x0000000c   Code   RO          483    i.TIM1_UP_TIM10_IRQHandler  stm32f4xx_it.o
    0x080025d8   0x080025d8   0x0000000c   Code   RO          484    i.TIM2_IRQHandler   stm32f4xx_it.o
    0x080025e4   0x080025e4   0x0000000c   Code   RO          485    i.TIM3_IRQHandler   stm32f4xx_it.o
    0x080025f0   0x080025f0   0x0000000c   Code   RO          486    i.TIM5_IRQHandler   stm32f4xx_it.o
    0x080025fc   0x080025fc   0x000000c8   Code   RO         1874    i.TIM_Base_SetConfig  stm32f4xx_hal_tim.o
    0x080026c4   0x080026c4   0x0000001a   Code   RO         1875    i.TIM_CCxChannelCmd  stm32f4xx_hal_tim.o
    0x080026de   0x080026de   0x00000014   Code   RO         1885    i.TIM_ETR_SetConfig  stm32f4xx_hal_tim.o
    0x080026f2   0x080026f2   0x00000010   Code   RO         1886    i.TIM_ITRx_SetConfig  stm32f4xx_hal_tim.o
    0x08002702   0x08002702   0x00000002   PAD
    0x08002704   0x08002704   0x00000060   Code   RO         1887    i.TIM_OC1_SetConfig  stm32f4xx_hal_tim.o
    0x08002764   0x08002764   0x0000006c   Code   RO         1888    i.TIM_OC2_SetConfig  stm32f4xx_hal_tim.o
    0x080027d0   0x080027d0   0x00000068   Code   RO         1889    i.TIM_OC3_SetConfig  stm32f4xx_hal_tim.o
    0x08002838   0x08002838   0x00000050   Code   RO         1890    i.TIM_OC4_SetConfig  stm32f4xx_hal_tim.o
    0x08002888   0x08002888   0x00000022   Code   RO         1892    i.TIM_TI1_ConfigInputStage  stm32f4xx_hal_tim.o
    0x080028aa   0x080028aa   0x00000024   Code   RO         1894    i.TIM_TI2_ConfigInputStage  stm32f4xx_hal_tim.o
    0x080028ce   0x080028ce   0x00000002   PAD
    0x080028d0   0x080028d0   0x000008ac   Code   RO          261    i.Task_CarGoalCtrl  freertos.o
    0x0800317c   0x0800317c   0x00000194   Code   RO          262    i.Task_SpeedCtrl    freertos.o
    0x08003310   0x08003310   0x0000000c   Code   RO          487    i.UART4_IRQHandler  stm32f4xx_it.o
    0x0800331c   0x0800331c   0x00000010   Code   RO         2794    i.UART_DMAAbortOnError  stm32f4xx_hal_uart.o
    0x0800332c   0x0800332c   0x0000004e   Code   RO         2804    i.UART_EndRxTransfer  stm32f4xx_hal_uart.o
    0x0800337a   0x0800337a   0x000000c0   Code   RO         2806    i.UART_Receive_IT   stm32f4xx_hal_uart.o
    0x0800343a   0x0800343a   0x00000002   PAD
    0x0800343c   0x0800343c   0x0000010c   Code   RO         2807    i.UART_SetConfig    stm32f4xx_hal_uart.o
    0x08003548   0x08003548   0x0000003a   Code   RO         2809    i.UART_Start_Receive_IT  stm32f4xx_hal_uart.o
    0x08003582   0x08003582   0x00000002   PAD
    0x08003584   0x08003584   0x0000000c   Code   RO          488    i.USART1_IRQHandler  stm32f4xx_it.o
    0x08003590   0x08003590   0x0000000c   Code   RO          489    i.USART2_IRQHandler  stm32f4xx_it.o
    0x0800359c   0x0800359c   0x0000000c   Code   RO          490    i.USART3_IRQHandler  stm32f4xx_it.o
    0x080035a8   0x080035a8   0x00000002   Code   RO          491    i.UsageFault_Handler  stm32f4xx_it.o
    0x080035aa   0x080035aa   0x00000020   Code   RO         1404    i.__NVIC_SetPriority  stm32f4xx_hal_cortex.o
    0x080035ca   0x080035ca   0x00000002   PAD
    0x080035cc   0x080035cc   0x000000e0   Code   RO         4522    i.left_distance_control  control.o
    0x080036ac   0x080036ac   0x000001c8   Code   RO           16    i.main              main.o
    0x08003874   0x08003874   0x0000000c   Code   RO         3930    i.makeFreeRtosPriority  cmsis_os.o
    0x08003880   0x08003880   0x0000000e   Code   RO         3932    i.osDelay           cmsis_os.o
    0x0800388e   0x0800388e   0x0000000a   Code   RO         3935    i.osKernelStart     cmsis_os.o
    0x08003898   0x08003898   0x00000054   Code   RO         3969    i.osThreadCreate    cmsis_os.o
    0x080038ec   0x080038ec   0x0000002c   Code   RO         4441    i.pid_init          pid.o
    0x08003918   0x08003918   0x00000006   Code   RO         4442    i.pid_param_set     pid.o
    0x0800391e   0x0800391e   0x00000042   Code   RO         4443    i.pid_realize       pid.o
    0x08003960   0x08003960   0x00000006   Code   RO         4444    i.pid_target_set    pid.o
    0x08003966   0x08003966   0x00000002   PAD
    0x08003968   0x08003968   0x00000070   Code   RO         3612    i.prvAddCurrentTaskToDelayedList  tasks.o
    0x080039d8   0x080039d8   0x000000d0   Code   RO         3613    i.prvAddNewTaskToReadyList  tasks.o
    0x08003aa8   0x08003aa8   0x00000034   Code   RO         3614    i.prvDeleteTCB      tasks.o
    0x08003adc   0x08003adc   0x0000004c   Code   RO         4297    i.prvHeapInit       heap_4.o
    0x08003b28   0x08003b28   0x00000060   Code   RO         3615    i.prvIdleTask       tasks.o
    0x08003b88   0x08003b88   0x00000098   Code   RO         3616    i.prvInitialiseNewTask  tasks.o
    0x08003c20   0x08003c20   0x0000004c   Code   RO         4298    i.prvInsertBlockIntoFreeList  heap_4.o
    0x08003c6c   0x08003c6c   0x00000020   Code   RO         3617    i.prvResetNextTaskUnblockTime  tasks.o
    0x08003c8c   0x08003c8c   0x00000028   Code   RO         4366    i.prvTaskExitError  port.o
    0x08003cb4   0x08003cb4   0x000000dc   Code   RO         4299    i.pvPortMalloc      heap_4.o
    0x08003d90   0x08003d90   0x0000002c   Code   RO         4367    i.pxPortInitialiseStack  port.o
    0x08003dbc   0x08003dbc   0x000000e0   Code   RO         4523    i.right_distance_control  control.o
    0x08003e9c   0x08003e9c   0x000001d4   Code   RO         4524    i.speed_control     control.o
    0x08004070   0x08004070   0x00000026   Code   RO         3248    i.uxListRemove      list.o
    0x08004096   0x08004096   0x00000002   PAD
    0x08004098   0x08004098   0x00000014   Code   RO          263    i.vApplicationGetIdleTaskMemory  freertos.o
    0x080040ac   0x080040ac   0x00000016   Code   RO         3249    i.vListInitialise   list.o
    0x080040c2   0x080040c2   0x00000006   Code   RO         3250    i.vListInitialiseItem  list.o
    0x080040c8   0x080040c8   0x00000030   Code   RO         3251    i.vListInsert       list.o
    0x080040f8   0x080040f8   0x00000018   Code   RO         3252    i.vListInsertEnd    list.o
    0x08004110   0x08004110   0x00000040   Code   RO         4369    i.vPortEnterCritical  port.o
    0x08004150   0x08004150   0x00000028   Code   RO         4370    i.vPortExitCritical  port.o
    0x08004178   0x08004178   0x00000064   Code   RO         4300    i.vPortFree         heap_4.o
    0x080041dc   0x080041dc   0x00000024   Code   RO         4371    i.vPortSetupTimerInterrupt  port.o
    0x08004200   0x08004200   0x0000004c   Code   RO         3626    i.vTaskDelay        tasks.o
    0x0800424c   0x0800424c   0x0000006c   Code   RO         3639    i.vTaskStartScheduler  tasks.o
    0x080042b8   0x080042b8   0x00000010   Code   RO         3641    i.vTaskSuspendAll   tasks.o
    0x080042c8   0x080042c8   0x0000005c   Code   RO         3642    i.vTaskSwitchContext  tasks.o
    0x08004324   0x08004324   0x000000f4   Code   RO         4373    i.xPortStartScheduler  port.o
    0x08004418   0x08004418   0x0000005a   Code   RO         3645    i.xTaskCreate       tasks.o
    0x08004472   0x08004472   0x00000056   Code   RO         3646    i.xTaskCreateStatic  tasks.o
    0x080044c8   0x080044c8   0x000000cc   Code   RO         3653    i.xTaskIncrementTick  tasks.o
    0x08004594   0x08004594   0x000000c4   Code   RO         3659    i.xTaskResumeAll    tasks.o
    0x08004658   0x08004658   0x00000062   Code   RO         4614    x$fpl$d2f           fz_wm.l(d2f.o)
    0x080046ba   0x080046ba   0x00000018   Code   RO         4663    x$fpl$dcmpinf       fz_wm.l(dcmpi.o)
    0x080046d2   0x080046d2   0x00000002   PAD
    0x080046d4   0x080046d4   0x000002b0   Code   RO         4617    x$fpl$ddiv          fz_wm.l(ddiv.o)
    0x08004984   0x08004984   0x0000002e   Code   RO         4621    x$fpl$dflt          fz_wm.l(dflt_clz.o)
    0x080049b2   0x080049b2   0x00000002   PAD
    0x080049b4   0x080049b4   0x00000078   Code   RO         4637    x$fpl$dleqf         fz_wm.l(dleqf.o)
    0x08004a2c   0x08004a2c   0x00000154   Code   RO         4626    x$fpl$dmul          fz_wm.l(dmul.o)
    0x08004b80   0x08004b80   0x0000009c   Code   RO         4639    x$fpl$dnaninf       fz_wm.l(dnaninf.o)
    0x08004c1c   0x08004c1c   0x0000000c   Code   RO         4641    x$fpl$dretinf       fz_wm.l(dretinf.o)
    0x08004c28   0x08004c28   0x0000006c   Code   RO         4628    x$fpl$drleqf        fz_wm.l(drleqf.o)
    0x08004c94   0x08004c94   0x0000000a   Code   RO         4750    x$fpl$fpinit        fz_wm.l(fpinit.o)
    0x08004c9e   0x08004c9e   0x0000000a   Code   RO         4643    x$fpl$fretinf       fz_wm.l(fretinf.o)
    0x08004ca8   0x08004ca8   0x00000000   Code   RO         4645    x$fpl$usenofp       fz_wm.l(usenofp.o)
    0x08004ca8   0x08004ca8   0x00000054   Data   RO          265    .constdata          freertos.o
    0x08004cfc   0x08004cfc   0x00000010   Data   RO         3111    .constdata          system_stm32f4xx.o
    0x08004d0c   0x08004d0c   0x00000008   Data   RO         3112    .constdata          system_stm32f4xx.o
    0x08004d14   0x08004d14   0x0000002c   Data   RO          266    .conststring        freertos.o
    0x08004d40   0x08004d40   0x00000020   Data   RO         4808    Region$$Table       anon$$obj.o


    Execution Region RW_IRAM1 (Exec base: 0x20000000, Load base: 0x08004d60, Size: 0x000049a8, Max: 0x0001c000, ABSOLUTE, COMPRESSED[0x00000040])

    Exec Addr    Load Addr    Size         Type   Attr      Idx    E Section Name        Object

    0x20000000   COMPRESSED   0x000000a4   Data   RW           17    .data               main.o
    0x200000a4   COMPRESSED   0x00000004   Data   RW           18    .data               main.o
    0x200000a8   COMPRESSED   0x00000002   Data   RW           19    .data               main.o
    0x200000aa   COMPRESSED   0x00000002   PAD
    0x200000ac   COMPRESSED   0x00000010   Data   RW          267    .data               freertos.o
    0x200000bc   COMPRESSED   0x0000000c   Data   RW          403    .data               usart.o
    0x200000c8   COMPRESSED   0x0000000c   Data   RW         1548    .data               stm32f4xx_hal.o
    0x200000d4   COMPRESSED   0x00000004   Data   RW         3113    .data               system_stm32f4xx.o
    0x200000d8   COMPRESSED   0x0000003c   Data   RW         3662    .data               tasks.o
    0x20000114   COMPRESSED   0x00000020   Data   RW         4306    .data               heap_4.o
    0x20000134   COMPRESSED   0x0000000c   Data   RW         4374    .data               port.o
    0x20000140   COMPRESSED   0x00000008   Data   RW         4479    .data               encoder.o
    0x20000148   COMPRESSED   0x00000004   Data   RW         4480    .data               encoder.o
    0x2000014c   COMPRESSED   0x00000004   Data   RW         4481    .data               encoder.o
    0x20000150   COMPRESSED   0x00000004   Data   RW         4482    .data               encoder.o
    0x20000154   COMPRESSED   0x00000004   Data   RW         4483    .data               encoder.o
    0x20000158   COMPRESSED   0x00000004   Data   RW         4485    .data               encoder.o
    0x2000015c   COMPRESSED   0x00000004   Data   RW         4486    .data               encoder.o
    0x20000160   COMPRESSED   0x00000004   Data   RW         4525    .data               control.o
    0x20000164   COMPRESSED   0x00000004   Data   RW         4526    .data               control.o
    0x20000168   COMPRESSED   0x00000004   Data   RW         4528    .data               control.o
    0x2000016c   COMPRESSED   0x00000004   Data   RW         4529    .data               control.o
    0x20000170   COMPRESSED   0x00000004   Data   RW         4530    .data               control.o
    0x20000174   COMPRESSED   0x00000004   Data   RW         4531    .data               control.o
    0x20000178   COMPRESSED   0x00000001   Data   RW         4532    .data               control.o
    0x20000179   COMPRESSED   0x00000003   PAD
    0x2000017c   COMPRESSED   0x00000018   Data   RW         4533    .data               control.o
    0x20000194   COMPRESSED   0x00000001   Data   RW         4534    .data               control.o
    0x20000195   COMPRESSED   0x00000001   Data   RW         4535    .data               control.o
    0x20000196   COMPRESSED   0x00000001   Data   RW         4536    .data               control.o
    0x20000197   COMPRESSED   0x00000001   PAD
    0x20000198   COMPRESSED   0x00000004   Data   RW         4537    .data               control.o
    0x2000019c   COMPRESSED   0x00000004   Data   RW         4538    .data               control.o
    0x200001a0   COMPRESSED   0x00000001   Data   RW         4540    .data               control.o
    0x200001a1   COMPRESSED   0x00000001   Data   RW         4541    .data               control.o
    0x200001a2   COMPRESSED   0x00000001   Data   RW         4542    .data               control.o
    0x200001a3   COMPRESSED   0x00000001   Data   RW         4543    .data               control.o
    0x200001a4   COMPRESSED   0x00000001   Data   RW         4544    .data               control.o
    0x200001a5   COMPRESSED   0x00000001   Data   RW         4545    .data               control.o
    0x200001a6   COMPRESSED   0x00000001   Data   RW         4546    .data               control.o
    0x200001a7   COMPRESSED   0x00000001   Data   RW         4547    .data               control.o
    0x200001a8   COMPRESSED   0x00000001   Data   RW         4548    .data               control.o
    0x200001a9   COMPRESSED   0x00000003   PAD
    0x200001ac        -       0x00000254   Zero   RW          264    .bss                freertos.o
    0x20000400        -       0x000000d8   Zero   RW          329    .bss                tim.o
    0x200004d8        -       0x00000138   Zero   RW          401    .bss                usart.o
    0x20000610        -       0x00000048   Zero   RW          611    .bss                stm32f4xx_hal_timebase_tim.o
    0x20000658        -       0x000000f0   Zero   RW         3661    .bss                tasks.o
    0x20000748        -       0x00003c00   Zero   RW         4305    .bss                heap_4.o
    0x20004348        -       0x00000060   Zero   RW         4680    .bss                c_w.l(libspace.o)
    0x200043a8        -       0x00000200   Zero   RW            2    HEAP                startup_stm32f407xx.o
    0x200045a8        -       0x00000400   Zero   RW            1    STACK               startup_stm32f407xx.o


    Execution Region RW_IRAM2 (Exec base: 0x2001c000, Load base: 0x08004da0, Size: 0x00000000, Max: 0x00004000, ABSOLUTE)

    **** No section assigned to this execution region ****


==============================================================================

Image component sizes


      Code (inc. data)   RO Data    RW Data    ZI Data      Debug   Object Name

       120          0          0          0          0      23329   cmsis_os.o
      1256        268          0         69          0       6028   control.o
        48         20          0         32          0       1620   encoder.o
         0          0          0          0          0      16928   event_groups.o
      2736        342        128         16        596       5604   freertos.o
       196         12          0          0          0       1019   gpio.o
       472         24          0         32      15360       7439   heap_4.o
       138          0          0          0          0       3570   list.o
       700         86          0        170          0     726214   main.o
       122          6          0          0          0       2802   pid.o
       702         72          0         12          0      11012   port.o
        64         26        392          0       1536        844   startup_stm32f407xx.o
        80         14          0         12          0       8090   stm32f4xx_hal.o
       158         14          0          0          0      33178   stm32f4xx_hal_cortex.o
       182          0          0          0          0       2103   stm32f4xx_hal_dma.o
       516         46          0          0          0       2863   stm32f4xx_hal_gpio.o
        56          4          0          0          0        870   stm32f4xx_hal_msp.o
      1408         82          0          0          0       5913   stm32f4xx_hal_rcc.o
      2326        136          0          0          0      18937   stm32f4xx_hal_tim.o
       148         28          0          0          0       2465   stm32f4xx_hal_tim_ex.o
       140         20          0          0         72       1439   stm32f4xx_hal_timebase_tim.o
      1434         16          0          0          0       9481   stm32f4xx_hal_uart.o
       108         48          0          0          0       6553   stm32f4xx_it.o
         0          0          0          0          0        416   stream_buffer.o
        16          4         24          4          0       1135   system_stm32f4xx.o
      1520        112          0         60        240      19522   tasks.o
       832         66          0          0        216       4716   tim.o
      1346        122          0         12        312       6983   usart.o

    ----------------------------------------------------------------------
     16854       1568        576        428      18332     931073   Object Totals
         0          0         32          0          0          0   (incl. Generated)
        30          0          0          9          0          0   (incl. Padding)

    ----------------------------------------------------------------------

      Code (inc. data)   RO Data    RW Data    ZI Data      Debug   Library Member Name

        90          0          0          0          0          0   __dczerorl2.o
         8          0          0          0          0         68   __main.o
         0          0          0          0          0          0   __rtentry.o
        12          0          0          0          0          0   __rtentry2.o
         6          0          0          0          0          0   __rtentry4.o
        52          8          0          0          0          0   __scatter.o
        28          0          0          0          0          0   __scatter_zi.o
        18          0          0          0          0         80   exit.o
         6          0          0          0          0        152   heapauxi.o
         0          0          0          0          0          0   indicate_semi.o
         2          0          0          0          0          0   libinit.o
         6          0          0          0          0          0   libinit2.o
         2          0          0          0          0          0   libshutdown.o
         2          0          0          0          0          0   libshutdown2.o
         8          4          0          0         96         68   libspace.o
       238          0          0          0          0        100   lludivv7m.o
        78          0          0          0          0         80   rt_memclr_w.o
       100          0          0          0          0         80   rt_memcpy_w.o
         2          0          0          0          0          0   rtexit.o
        10          0          0          0          0          0   rtexit2.o
        12          4          0          0          0         68   sys_exit.o
        74          0          0          0          0         80   sys_stackheap_outer.o
         2          0          0          0          0         68   use_no_semi.o
        98          4          0          0          0        140   d2f.o
        24          0          0          0          0        116   dcmpi.o
       688        140          0          0          0        256   ddiv.o
        46          0          0          0          0        116   dflt_clz.o
       120          4          0          0          0        140   dleqf.o
       340         12          0          0          0        152   dmul.o
       156          4          0          0          0        140   dnaninf.o
        12          0          0          0          0        116   dretinf.o
       108          0          0          0          0        128   drleqf.o
        10          0          0          0          0        116   fpinit.o
        10          0          0          0          0        116   fretinf.o
         0          0          0          0          0          0   usenofp.o

    ----------------------------------------------------------------------
      2378        180          0          0         96       2380   Library Totals
        10          0          0          0          0          0   (incl. Padding)

    ----------------------------------------------------------------------

      Code (inc. data)   RO Data    RW Data    ZI Data      Debug   Library Name

       756         16          0          0         96        844   c_w.l
      1612        164          0          0          0       1536   fz_wm.l

    ----------------------------------------------------------------------
      2378        180          0          0         96       2380   Library Totals

    ----------------------------------------------------------------------

==============================================================================


      Code (inc. data)   RO Data    RW Data    ZI Data      Debug   

     19232       1748        576        428      18428     918841   Grand Totals
     19232       1748        576         64      18428     918841   ELF Image Totals (compressed)
     19232       1748        576         64          0          0   ROM Totals

==============================================================================

    Total RO  Size (Code + RO Data)                19808 (  19.34kB)
    Total RW  Size (RW Data + ZI Data)             18856 (  18.41kB)
    Total ROM Size (Code + RO Data + RW Data)      19872 (  19.41kB)

==============================================================================

